Archive member included to satisfy reference by file (symbol)

/usr/local/Cellar/gcc-arm-none-eabi/20160928/bin/../lib/gcc/arm-none-eabi/5.4.1/../../../../arm-none-eabi/lib/armv6-m/libc_nano.a(lib_a-exit.o)
                              /usr/local/Cellar/gcc-arm-none-eabi/20160928/bin/../lib/gcc/arm-none-eabi/5.4.1/../../../../arm-none-eabi/lib/armv6-m/crt0.o (exit)
/usr/local/Cellar/gcc-arm-none-eabi/20160928/bin/../lib/gcc/arm-none-eabi/5.4.1/../../../../arm-none-eabi/lib/armv6-m/libc_nano.a(lib_a-impure.o)
                              /usr/local/Cellar/gcc-arm-none-eabi/20160928/bin/../lib/gcc/arm-none-eabi/5.4.1/../../../../arm-none-eabi/lib/armv6-m/libc_nano.a(lib_a-exit.o) (_global_impure_ptr)
/usr/local/Cellar/gcc-arm-none-eabi/20160928/bin/../lib/gcc/arm-none-eabi/5.4.1/../../../../arm-none-eabi/lib/armv6-m/libc_nano.a(lib_a-init.o)
                              /usr/local/Cellar/gcc-arm-none-eabi/20160928/bin/../lib/gcc/arm-none-eabi/5.4.1/../../../../arm-none-eabi/lib/armv6-m/crt0.o (__libc_init_array)
/usr/local/Cellar/gcc-arm-none-eabi/20160928/bin/../lib/gcc/arm-none-eabi/5.4.1/../../../../arm-none-eabi/lib/armv6-m/libc_nano.a(lib_a-memset.o)
                              /usr/local/Cellar/gcc-arm-none-eabi/20160928/bin/../lib/gcc/arm-none-eabi/5.4.1/../../../../arm-none-eabi/lib/armv6-m/crt0.o (memset)
/usr/local/Cellar/gcc-arm-none-eabi/20160928/bin/../lib/gcc/arm-none-eabi/5.4.1/../../../../arm-none-eabi/lib/armv6-m/libnosys.a(_exit.o)
                              /usr/local/Cellar/gcc-arm-none-eabi/20160928/bin/../lib/gcc/arm-none-eabi/5.4.1/../../../../arm-none-eabi/lib/armv6-m/libc_nano.a(lib_a-exit.o) (_exit)
/usr/local/Cellar/gcc-arm-none-eabi/20160928/bin/../lib/gcc/arm-none-eabi/5.4.1/armv6-m/libgcc.a(_udivsi3.o)
                              _build/nrf51422_xxac_bsp.c.o (__aeabi_uidiv)
/usr/local/Cellar/gcc-arm-none-eabi/20160928/bin/../lib/gcc/arm-none-eabi/5.4.1/armv6-m/libgcc.a(_divsi3.o)
                              _build/nrf51422_xxac_ble_advertising.c.o (__aeabi_idivmod)
/usr/local/Cellar/gcc-arm-none-eabi/20160928/bin/../lib/gcc/arm-none-eabi/5.4.1/armv6-m/libgcc.a(_dvmd_tls.o)
                              /usr/local/Cellar/gcc-arm-none-eabi/20160928/bin/../lib/gcc/arm-none-eabi/5.4.1/armv6-m/libgcc.a(_udivsi3.o) (__aeabi_idiv0)
/usr/local/Cellar/gcc-arm-none-eabi/20160928/bin/../lib/gcc/arm-none-eabi/5.4.1/../../../../arm-none-eabi/lib/armv6-m/libc_nano.a(lib_a-memcmp.o)
                              _build/nrf51422_xxac_id_manager.c.o (memcmp)
/usr/local/Cellar/gcc-arm-none-eabi/20160928/bin/../lib/gcc/arm-none-eabi/5.4.1/../../../../arm-none-eabi/lib/armv6-m/libc_nano.a(lib_a-memcpy-stub.o)
                              _build/nrf51422_xxac_app_scheduler.c.o (memcpy)
/usr/local/Cellar/gcc-arm-none-eabi/20160928/bin/../lib/gcc/arm-none-eabi/5.4.1/../../../../arm-none-eabi/lib/armv6-m/libc_nano.a(lib_a-strcpy.o)
                              _build/nrf51422_xxac_SEGGER_RTT.c.o (strcpy)
/usr/local/Cellar/gcc-arm-none-eabi/20160928/bin/../lib/gcc/arm-none-eabi/5.4.1/../../../../arm-none-eabi/lib/armv6-m/libc_nano.a(lib_a-strlen.o)
                              _build/nrf51422_xxac_main.c.o (strlen)

Allocating common symbols
Common symbol       size              file

nrf_nvic_state      0x8               _build/nrf51422_xxac_app_util_platform.c.o
_SEGGER_RTT         0x78              _build/nrf51422_xxac_SEGGER_RTT.c.o

Discarded input sections

 .text          0x0000000000000000        0x0 /usr/local/Cellar/gcc-arm-none-eabi/20160928/bin/../lib/gcc/arm-none-eabi/5.4.1/armv6-m/crti.o
 .data          0x0000000000000000        0x0 /usr/local/Cellar/gcc-arm-none-eabi/20160928/bin/../lib/gcc/arm-none-eabi/5.4.1/armv6-m/crti.o
 .bss           0x0000000000000000        0x0 /usr/local/Cellar/gcc-arm-none-eabi/20160928/bin/../lib/gcc/arm-none-eabi/5.4.1/armv6-m/crti.o
 .data          0x0000000000000000        0x4 /usr/local/Cellar/gcc-arm-none-eabi/20160928/bin/../lib/gcc/arm-none-eabi/5.4.1/armv6-m/crtbegin.o
 .data          0x0000000000000000        0x0 /usr/local/Cellar/gcc-arm-none-eabi/20160928/bin/../lib/gcc/arm-none-eabi/5.4.1/../../../../arm-none-eabi/lib/armv6-m/crt0.o
 .bss           0x0000000000000000        0x0 /usr/local/Cellar/gcc-arm-none-eabi/20160928/bin/../lib/gcc/arm-none-eabi/5.4.1/../../../../arm-none-eabi/lib/armv6-m/crt0.o
 .ARM.extab     0x0000000000000000        0x0 /usr/local/Cellar/gcc-arm-none-eabi/20160928/bin/../lib/gcc/arm-none-eabi/5.4.1/../../../../arm-none-eabi/lib/armv6-m/crt0.o
 .text          0x0000000000000000        0x0 /usr/local/Cellar/gcc-arm-none-eabi/20160928/bin/../lib/gcc/arm-none-eabi/5.4.1/../../../../arm-none-eabi/lib/armv6-m/libc_nano.a(lib_a-exit.o)
 .data          0x0000000000000000        0x0 /usr/local/Cellar/gcc-arm-none-eabi/20160928/bin/../lib/gcc/arm-none-eabi/5.4.1/../../../../arm-none-eabi/lib/armv6-m/libc_nano.a(lib_a-exit.o)
[...]
Memory Configuration

Name             Origin             Length             Attributes
FLASH            0x000000000001b000 0x0000000000025000 xr
RAM              0x0000000020001fe8 0x0000000000006018 xrw
*default*        0x0000000000000000 0xffffffffffffffff

Linker script and memory map


.text           0x000000000001b000     0xd18c
 *(.isr_vector)
 .isr_vector    0x000000000001b000       0xc0 _build/nrf51422_xxac_gcc_startup_nrf51.S.o
                0x000000000001b000                __isr_vector
 *(.text*)
 .text          0x000000000001b0c0       0x60 /usr/local/Cellar/gcc-arm-none-eabi/20160928/bin/../lib/gcc/arm-none-eabi/5.4.1/armv6-m/crtbegin.o
 .text          0x000000000001b120       0x78 /usr/local/Cellar/gcc-arm-none-eabi/20160928/bin/../lib/gcc/arm-none-eabi/5.4.1/../../../../arm-none-eabi/lib/armv6-m/crt0.o
                0x000000000001b120                _mainCRTStartup
                0x000000000001b120                _start
 .text.exit     0x000000000001b198       0x2c /usr/local/Cellar/gcc-arm-none-eabi/20160928/bin/../lib/gcc/arm-none-eabi/5.4.1/../../../../arm-none-eabi/lib/armv6-m/libc_nano.a(lib_a-exit.o)
                0x000000000001b198                exit
 .text.__libc_init_array
                0x000000000001b1c4       0x4c /usr/local/Cellar/gcc-arm-none-eabi/20160928/bin/../lib/gcc/arm-none-eabi/5.4.1/../../../../arm-none-eabi/lib/armv6-m/libc_nano.a(lib_a-init.o)
                0x000000000001b1c4                __libc_init_array
 .text.memset   0x000000000001b210       0x10 /usr/local/Cellar/gcc-arm-none-eabi/20160928/bin/../lib/gcc/arm-none-eabi/5.4.1/../../../../arm-none-eabi/lib/armv6-m/libc_nano.a(lib_a-memset.o)
                0x000000000001b210                memset
 .text._exit    0x000000000001b220        0x4 /usr/local/Cellar/gcc-arm-none-eabi/20160928/bin/../lib/gcc/arm-none-eabi/5.4.1/../../../../arm-none-eabi/lib/armv6-m/libnosys.a(_exit.o)
                0x000000000001b220                _exit
 .text.detection_delay_timeout_handler
                0x000000000001b224       0xa0 _build/nrf51422_xxac_app_button.c.o
 .text.gpiote_event_handler
                0x000000000001b2c4       0x5c _build/nrf51422_xxac_app_button.c.o
 .text.app_button_init
                0x000000000001b320       0xb4 _build/nrf51422_xxac_app_button.c.o
                0x000000000001b320                app_button_init
 .text.app_button_enable
                0x000000000001b3d4       0x30 _build/nrf51422_xxac_app_button.c.o
                0x000000000001b3d4                app_button_enable
 .text.app_error_handler_bare
                0x000000000001b404       0x20 _build/nrf51422_xxac_app_error.c.o
                0x000000000001b404                app_error_handler_bare
 .text.app_error_fault_handler
                0x000000000001b424       0x1c _build/nrf51422_xxac_app_error_weak.c.o
                0x000000000001b424                app_error_fault_handler
 .text.app_sched_init
                0x000000000001b440       0x4c _build/nrf51422_xxac_app_scheduler.c.o
                0x000000000001b440                app_sched_init
 .text.app_sched_event_put
                0x000000000001b48c       0xdc _build/nrf51422_xxac_app_scheduler.c.o
                0x000000000001b48c                app_sched_event_put
 .text.app_sched_execute
                0x000000000001b568       0x7c _build/nrf51422_xxac_app_scheduler.c.o
                0x000000000001b568                app_sched_execute
 .text.RTC1_IRQHandler
                0x000000000001b5e4       0xdc _build/nrf51422_xxac_app_timer.c.o
                0x000000000001b5e4                RTC1_IRQHandler
 .text.SWI0_IRQHandler
                0x000000000001b6c0      0x500 _build/nrf51422_xxac_app_timer.c.o
                0x000000000001b6c0                SWI0_IRQHandler
 .text.app_timer_init
                0x000000000001bbc0      0x130 _build/nrf51422_xxac_app_timer.c.o
                0x000000000001bbc0                app_timer_init
 .text.app_timer_create
                0x000000000001bcf0       0x34 _build/nrf51422_xxac_app_timer.c.o
                0x000000000001bcf0                app_timer_create
 .text.app_timer_start
                0x000000000001bd24       0xc0 _build/nrf51422_xxac_app_timer.c.o
                0x000000000001bd24                app_timer_start
 .text.app_timer_stop
                0x000000000001bde4       0x84 _build/nrf51422_xxac_app_timer.c.o
                0x000000000001bde4                app_timer_stop
 .text.app_timer_evt_get
                0x000000000001be68       0x18 _build/nrf51422_xxac_app_timer_appsh.c.o
 .text.app_timer_evt_schedule
                0x000000000001be80       0x1c _build/nrf51422_xxac_app_timer_appsh.c.o
                0x000000000001be80                app_timer_evt_schedule
 .text.app_util_critical_region_enter
                0x000000000001be9c       0x40 _build/nrf51422_xxac_app_util_platform.c.o
                0x000000000001be9c                app_util_critical_region_enter
 .text.app_util_critical_region_exit
                0x000000000001bedc       0x2c _build/nrf51422_xxac_app_util_platform.c.o
                0x000000000001bedc                app_util_critical_region_exit
 .text.gc_record_find_next
                0x000000000001bf08       0xc4 _build/nrf51422_xxac_fds.c.o
 .text.record_find_by_desc
                0x000000000001bfcc       0xe4 _build/nrf51422_xxac_fds.c.o
 .text.record_find.part.3
                0x000000000001c0b0       0xc8 _build/nrf51422_xxac_fds.c.o
 .text.queue_process
                0x000000000001c178      0x7a8 _build/nrf51422_xxac_fds.c.o
 .text.fs_event_handler
                0x000000000001c920        0xc _build/nrf51422_xxac_fds.c.o
 .text.write_enqueue.part.7
                0x000000000001c92c      0x20c _build/nrf51422_xxac_fds.c.o
 .text.fds_register
                0x000000000001cb38       0x24 _build/nrf51422_xxac_fds.c.o
                0x000000000001cb38                fds_register
 .text.fds_init
                0x000000000001cb5c      0x2fc _build/nrf51422_xxac_fds.c.o
                0x000000000001cb5c                fds_init
 .text.fds_record_open
                0x000000000001ce58       0x50 _build/nrf51422_xxac_fds.c.o
                0x000000000001ce58                fds_record_open
 .text.fds_record_close
                0x000000000001cea8       0x4c _build/nrf51422_xxac_fds.c.o
                0x000000000001cea8                fds_record_close
 .text.fds_reserve
                0x000000000001cef4       0x70 _build/nrf51422_xxac_fds.c.o
                0x000000000001cef4                fds_reserve
 .text.fds_reserve_cancel
                0x000000000001cf64       0x48 _build/nrf51422_xxac_fds.c.o
                0x000000000001cf64                fds_reserve_cancel
 .text.fds_record_write
                0x000000000001cfac       0x3c _build/nrf51422_xxac_fds.c.o
                0x000000000001cfac                fds_record_write
 .text.fds_record_write_reserved
                0x000000000001cfe8       0x40 _build/nrf51422_xxac_fds.c.o
                0x000000000001cfe8                fds_record_write_reserved
 .text.fds_record_update
                0x000000000001d028       0x44 _build/nrf51422_xxac_fds.c.o
                0x000000000001d028                fds_record_update
 .text.fds_file_delete
                0x000000000001d06c       0x6c _build/nrf51422_xxac_fds.c.o
                0x000000000001d06c                fds_file_delete
 .text.fds_gc   0x000000000001d0d8       0x68 _build/nrf51422_xxac_fds.c.o
                0x000000000001d0d8                fds_gc
 .text.fds_record_find
                0x000000000001d140       0x38 _build/nrf51422_xxac_fds.c.o
                0x000000000001d140                fds_record_find
 .text.fds_record_find_by_key
                0x000000000001d178       0x38 _build/nrf51422_xxac_fds.c.o
                0x000000000001d178                fds_record_find_by_key
 .text.fds_record_find_in_file
                0x000000000001d1b0       0x38 _build/nrf51422_xxac_fds.c.o
                0x000000000001d1b0                fds_record_find_in_file
 .text.fds_record_id_from_desc
                0x000000000001d1e8       0x14 _build/nrf51422_xxac_fds.c.o
                0x000000000001d1e8                fds_record_id_from_desc
 .text.sd_flash_write
                0x000000000001d1fc        0x4 _build/nrf51422_xxac_fstorage.c.o
 .text.sd_flash_page_erase
                0x000000000001d200        0x4 _build/nrf51422_xxac_fstorage.c.o
 .text.unlikely.queue_get_next_free
                0x000000000001d204       0x34 _build/nrf51422_xxac_fstorage.c.o
 .text.queue_process
                0x000000000001d238       0xc8 _build/nrf51422_xxac_fstorage.c.o
 .text.fs_init  0x000000000001d300       0xc4 _build/nrf51422_xxac_fstorage.c.o
                0x000000000001d300                fs_init
 .text.fs_store
                0x000000000001d3c4       0xb8 _build/nrf51422_xxac_fstorage.c.o
                0x000000000001d3c4                fs_store
 .text.fs_erase
                0x000000000001d47c       0xac _build/nrf51422_xxac_fstorage.c.o
                0x000000000001d47c                fs_erase
 .text.fs_queued_op_count_get
                0x000000000001d528       0x18 _build/nrf51422_xxac_fstorage.c.o
                0x000000000001d528                fs_queued_op_count_get
 .text.fs_sys_event_handler
                0x000000000001d540      0x2b0 _build/nrf51422_xxac_fstorage.c.o
                0x000000000001d540                fs_sys_event_handler
 .text.sdk_mapped_flags_first_key_index_get
                0x000000000001d7f0       0x58 _build/nrf51422_xxac_sdk_mapped_flags.c.o
                0x000000000001d7f0                sdk_mapped_flags_first_key_index_get
 .text.sdk_mapped_flags_update_by_key
                0x000000000001d848       0x78 _build/nrf51422_xxac_sdk_mapped_flags.c.o
                0x000000000001d848                sdk_mapped_flags_update_by_key
 .text.sdk_mapped_flags_bulk_update_by_key
                0x000000000001d8c0      0x230 _build/nrf51422_xxac_sdk_mapped_flags.c.o
                0x000000000001d8c0                sdk_mapped_flags_bulk_update_by_key
 .text.sdk_mapped_flags_get_by_key
                0x000000000001daf0       0x64 _build/nrf51422_xxac_sdk_mapped_flags.c.o
                0x000000000001daf0                sdk_mapped_flags_get_by_key
 .text.sdk_mapped_flags_key_list_get
                0x000000000001db54       0x78 _build/nrf51422_xxac_sdk_mapped_flags.c.o
                0x000000000001db54                sdk_mapped_flags_key_list_get
 .text.sensorsim_init
                0x000000000001dbcc       0x18 _build/nrf51422_xxac_sensorsim.c.o
                0x000000000001dbcc                sensorsim_init
 .text.sensorsim_measure
                0x000000000001dbe4       0x40 _build/nrf51422_xxac_sensorsim.c.o
                0x000000000001dbe4                sensorsim_measure
 .text.bsp_board_led_state_get
                0x000000000001dc24       0x1c _build/nrf51422_xxac_boards.c.o
                0x000000000001dc24                bsp_board_led_state_get
 .text.bsp_board_led_on
                0x000000000001dc40       0x1c _build/nrf51422_xxac_boards.c.o
                0x000000000001dc40                bsp_board_led_on
 .text.bsp_board_led_off
                0x000000000001dc5c       0x18 _build/nrf51422_xxac_boards.c.o
                0x000000000001dc5c                bsp_board_led_off
 .text.bsp_board_leds_off
                0x000000000001dc74       0x24 _build/nrf51422_xxac_boards.c.o
                0x000000000001dc74                bsp_board_leds_off
 .text.bsp_board_leds_on
                0x000000000001dc98       0x24 _build/nrf51422_xxac_boards.c.o
                0x000000000001dc98                bsp_board_leds_on
 .text.bsp_board_led_invert
                0x000000000001dcbc       0x30 _build/nrf51422_xxac_boards.c.o
                0x000000000001dcbc                bsp_board_led_invert
 .text.bsp_board_leds_init
                0x000000000001dcec       0x3c _build/nrf51422_xxac_boards.c.o
                0x000000000001dcec                bsp_board_leds_init
 .text.bsp_board_button_state_get
                0x000000000001dd28       0x1c _build/nrf51422_xxac_boards.c.o
                0x000000000001dd28                bsp_board_button_state_get
 .text.bsp_board_pin_to_button_idx
                0x000000000001dd44       0x28 _build/nrf51422_xxac_boards.c.o
                0x000000000001dd44                bsp_board_pin_to_button_idx
 .text.bsp_board_button_idx_to_pin
                0x000000000001dd6c        0xc _build/nrf51422_xxac_boards.c.o
                0x000000000001dd6c                bsp_board_button_idx_to_pin
 .text.POWER_CLOCK_IRQHandler
                0x000000000001dd78       0x78 _build/nrf51422_xxac_nrf_drv_clock.c.o
                0x000000000001dd78                POWER_CLOCK_IRQHandler
 .text.nrf_drv_clock_on_soc_event
                0x000000000001ddf0       0x24 _build/nrf51422_xxac_nrf_drv_clock.c.o
                0x000000000001ddf0                nrf_drv_clock_on_soc_event
 .text.nrf_drv_clock_on_sd_enable
                0x000000000001de14       0x68 _build/nrf51422_xxac_nrf_drv_clock.c.o
                0x000000000001de14                nrf_drv_clock_on_sd_enable
 .text.nrf_drv_common_irq_enable
                0x000000000001de7c       0x7c _build/nrf51422_xxac_nrf_drv_common.c.o
                0x000000000001de7c                nrf_drv_common_irq_enable
 .text.nrf_drv_gpiote_init
                0x000000000001def8       0x74 _build/nrf51422_xxac_nrf_drv_gpiote.c.o
                0x000000000001def8                nrf_drv_gpiote_init
 .text.nrf_drv_gpiote_is_init
                0x000000000001df6c       0x14 _build/nrf51422_xxac_nrf_drv_gpiote.c.o
                0x000000000001df6c                nrf_drv_gpiote_is_init
 .text.nrf_drv_gpiote_in_init
                0x000000000001df80      0x15c _build/nrf51422_xxac_nrf_drv_gpiote.c.o
                0x000000000001df80                nrf_drv_gpiote_in_init
 .text.nrf_drv_gpiote_in_event_enable
                0x000000000001e0dc       0xa8 _build/nrf51422_xxac_nrf_drv_gpiote.c.o
                0x000000000001e0dc                nrf_drv_gpiote_in_event_enable
 .text.nrf_drv_gpiote_in_is_set
                0x000000000001e184       0x14 _build/nrf51422_xxac_nrf_drv_gpiote.c.o
                0x000000000001e184                nrf_drv_gpiote_in_is_set
 .text.GPIOTE_IRQHandler
                0x000000000001e198      0x4dc _build/nrf51422_xxac_nrf_drv_gpiote.c.o
                0x000000000001e198                GPIOTE_IRQHandler
 .text.UART0_IRQHandler
                0x000000000001e674      0x198 _build/nrf51422_xxac_nrf_drv_uart.c.o
                0x000000000001e674                UART0_IRQHandler
 .text.alert_timer_handler
                0x000000000001e80c        0xc _build/nrf51422_xxac_bsp.c.o
 .text.bsp_button_event_handler
                0x000000000001e818       0xb8 _build/nrf51422_xxac_bsp.c.o
 .text.leds_timer_handler
                0x000000000001e8d0      0x1e8 _build/nrf51422_xxac_bsp.c.o
 .text.button_timer_handler
                0x000000000001eab8       0x30 _build/nrf51422_xxac_bsp.c.o
 .text.bsp_button_is_pressed
                0x000000000001eae8        0x8 _build/nrf51422_xxac_bsp.c.o
                0x000000000001eae8                bsp_button_is_pressed
 .text.bsp_indication_set
                0x000000000001eaf0      0x220 _build/nrf51422_xxac_bsp.c.o
                0x000000000001eaf0                bsp_indication_set
 .text.bsp_init
                0x000000000001ed10       0xb0 _build/nrf51422_xxac_bsp.c.o
                0x000000000001ed10                bsp_init
 .text.bsp_event_to_button_action_assign
                0x000000000001edc0       0x58 _build/nrf51422_xxac_bsp.c.o
                0x000000000001edc0                bsp_event_to_button_action_assign
 .text.bsp_wakeup_button_enable
                0x000000000001ee18       0x30 _build/nrf51422_xxac_bsp.c.o
                0x000000000001ee18                bsp_wakeup_button_enable
 .text.bsp_btn_ble_sleep_mode_prepare
                0x000000000001ee48       0x2c _build/nrf51422_xxac_bsp_btn_ble.c.o
                0x000000000001ee48                bsp_btn_ble_sleep_mode_prepare
 .text.bsp_btn_ble_on_ble_evt
                0x000000000001ee74       0xbc _build/nrf51422_xxac_bsp_btn_ble.c.o
                0x000000000001ee74                bsp_btn_ble_on_ble_evt
 .text.bsp_btn_ble_init
                0x000000000001ef30       0x88 _build/nrf51422_xxac_bsp_btn_ble.c.o
                0x000000000001ef30                bsp_btn_ble_init
 .text.sd_ble_gap_disconnect
                0x000000000001efb8        0x4 _build/nrf51422_xxac_main.c.o
 .text.sd_ble_gap_appearance_set
                0x000000000001efbc        0x4 _build/nrf51422_xxac_main.c.o
 .text.sd_ble_gap_ppcp_set
                0x000000000001efc0        0x4 _build/nrf51422_xxac_main.c.o
 .text.sd_ble_gap_device_name_set
                0x000000000001efc4        0x4 _build/nrf51422_xxac_main.c.o
 .text.sd_ble_gatts_rw_authorize_reply
                0x000000000001efc8        0x4 _build/nrf51422_xxac_main.c.o
 .text.sd_ble_user_mem_reply
                0x000000000001efcc        0x4 _build/nrf51422_xxac_main.c.o
 .text.sd_power_system_off
                0x000000000001efd0        0x4 _build/nrf51422_xxac_main.c.o
 .text.sd_app_evt_wait
                0x000000000001efd4        0x4 _build/nrf51422_xxac_main.c.o
 .text.conn_params_error_handler
                0x000000000001efd8        0x8 _build/nrf51422_xxac_main.c.o
 .text.battery_level_meas_timeout_handler
                0x000000000001efe0       0x40 _build/nrf51422_xxac_main.c.o
 .text.sys_evt_dispatch
                0x000000000001f020       0x10 _build/nrf51422_xxac_main.c.o
 .text.on_adv_evt
                0x000000000001f030       0xd4 _build/nrf51422_xxac_main.c.o
 .text.advertising_start
                0x000000000001f104       0x94 _build/nrf51422_xxac_main.c.o
 .text.pm_evt_handler
                0x000000000001f198       0x8c _build/nrf51422_xxac_main.c.o
 .text.ble_advertising_error_handler
                0x000000000001f224        0x8 _build/nrf51422_xxac_main.c.o
 .text.service_error_handler
                0x000000000001f22c        0x8 _build/nrf51422_xxac_main.c.o
 .text.ble_evt_dispatch
                0x000000000001f234      0x280 _build/nrf51422_xxac_main.c.o
 .text.keys_send
                0x000000000001f4b4       0xf4 _build/nrf51422_xxac_main.c.o
 .text.on_hids_evt
                0x000000000001f5a8       0xb8 _build/nrf51422_xxac_main.c.o
 .text.bsp_event_handler
                0x000000000001f660       0xac _build/nrf51422_xxac_main.c.o
 .text.startup.main
                0x000000000001f70c      0x554 _build/nrf51422_xxac_main.c.o
                0x000000000001f70c                main
 .text.sd_ble_gap_address_get
                0x000000000001fc60        0x4 _build/nrf51422_xxac_ble_advdata.c.o
 .text.sd_ble_gap_adv_data_set
                0x000000000001fc64        0x4 _build/nrf51422_xxac_ble_advdata.c.o
 .text.sd_ble_gap_appearance_get
                0x000000000001fc68        0x4 _build/nrf51422_xxac_ble_advdata.c.o
 .text.sd_ble_gap_device_name_get
                0x000000000001fc6c        0x4 _build/nrf51422_xxac_ble_advdata.c.o
 .text.sd_ble_uuid_encode
                0x000000000001fc70        0x4 _build/nrf51422_xxac_ble_advdata.c.o
 .text.uuid_list_sized_encode
                0x000000000001fc74       0xf8 _build/nrf51422_xxac_ble_advdata.c.o
 .text.adv_data_encode
                0x000000000001fd6c      0x428 _build/nrf51422_xxac_ble_advdata.c.o
                0x000000000001fd6c                adv_data_encode
 .text.ble_advdata_set
                0x0000000000020194      0x488 _build/nrf51422_xxac_ble_advdata.c.o
                0x0000000000020194                ble_advdata_set
 .text.sd_ble_gap_adv_start
                0x000000000002061c        0x4 _build/nrf51422_xxac_ble_advertising.c.o
 .text.sd_ble_gap_adv_stop
                0x0000000000020620        0x4 _build/nrf51422_xxac_ble_advertising.c.o
 .text.ble_advertising_start.part.1
                0x0000000000020624      0x254 _build/nrf51422_xxac_ble_advertising.c.o
 .text.ble_advertising_init
                0x0000000000020878      0x1ac _build/nrf51422_xxac_ble_advertising.c.o
                0x0000000000020878                ble_advertising_init
 .text.ble_advertising_start
                0x0000000000020a24       0x44 _build/nrf51422_xxac_ble_advertising.c.o
                0x0000000000020a24                ble_advertising_start
 .text.ble_advertising_on_ble_evt
                0x0000000000020a68       0xc0 _build/nrf51422_xxac_ble_advertising.c.o
                0x0000000000020a68                ble_advertising_on_ble_evt
 .text.ble_advertising_on_sys_evt
                0x0000000000020b28       0x64 _build/nrf51422_xxac_ble_advertising.c.o
                0x0000000000020b28                ble_advertising_on_sys_evt
 .text.ble_advertising_peer_addr_reply
                0x0000000000020b8c       0x2c _build/nrf51422_xxac_ble_advertising.c.o
                0x0000000000020b8c                ble_advertising_peer_addr_reply
 .text.ble_advertising_whitelist_reply
                0x0000000000020bb8       0x78 _build/nrf51422_xxac_ble_advertising.c.o
                0x0000000000020bb8                ble_advertising_whitelist_reply
 .text.ble_advertising_restart_without_whitelist
                0x0000000000020c30       0x78 _build/nrf51422_xxac_ble_advertising.c.o
                0x0000000000020c30                ble_advertising_restart_without_whitelist
 .text.sd_ble_gap_conn_param_update
                0x0000000000020ca8        0x4 _build/nrf51422_xxac_ble_conn_params.c.o
 .text.sd_ble_gap_disconnect
                0x0000000000020cac        0x4 _build/nrf51422_xxac_ble_conn_params.c.o
 .text.sd_ble_gap_ppcp_set
                0x0000000000020cb0        0x4 _build/nrf51422_xxac_ble_conn_params.c.o
 .text.sd_ble_gap_ppcp_get
                0x0000000000020cb4        0x4 _build/nrf51422_xxac_ble_conn_params.c.o
 .text.update_timeout_handler
                0x0000000000020cb8       0x78 _build/nrf51422_xxac_ble_conn_params.c.o
 .text.conn_params_negotiation
                0x0000000000020d30       0x88 _build/nrf51422_xxac_ble_conn_params.c.o
 .text.ble_conn_params_init
                0x0000000000020db8       0x78 _build/nrf51422_xxac_ble_conn_params.c.o
                0x0000000000020db8                ble_conn_params_init
 .text.ble_conn_params_on_ble_evt
                0x0000000000020e30       0xa8 _build/nrf51422_xxac_ble_conn_params.c.o
                0x0000000000020e30                ble_conn_params_on_ble_evt
 .text.ble_conn_state_on_ble_evt
                0x0000000000020ed8      0x114 _build/nrf51422_xxac_ble_conn_state.c.o
                0x0000000000020ed8                ble_conn_state_on_ble_evt
 .text.ble_conn_state_role
                0x0000000000020fec       0x30 _build/nrf51422_xxac_ble_conn_state.c.o
                0x0000000000020fec                ble_conn_state_role
 .text.ble_conn_state_encrypted
                0x000000000002101c       0x14 _build/nrf51422_xxac_ble_conn_state.c.o
                0x000000000002101c                ble_conn_state_encrypted
 .text.ble_conn_state_mitm_protected
                0x0000000000021030       0x14 _build/nrf51422_xxac_ble_conn_state.c.o
                0x0000000000021030                ble_conn_state_mitm_protected
 .text.ble_conn_state_conn_handles
                0x0000000000021044       0x18 _build/nrf51422_xxac_ble_conn_state.c.o
                0x0000000000021044                ble_conn_state_conn_handles
 .text.ble_conn_state_user_flag_acquire
                0x000000000002105c       0x2c _build/nrf51422_xxac_ble_conn_state.c.o
                0x000000000002105c                ble_conn_state_user_flag_acquire
 .text.ble_conn_state_user_flag_get
                0x0000000000021088       0x24 _build/nrf51422_xxac_ble_conn_state.c.o
                0x0000000000021088                ble_conn_state_user_flag_get
 .text.ble_conn_state_user_flag_set
                0x00000000000210ac       0x24 _build/nrf51422_xxac_ble_conn_state.c.o
                0x00000000000210ac                ble_conn_state_user_flag_set
 .text.ble_conn_state_user_flag_collection
                0x00000000000210d0       0x1c _build/nrf51422_xxac_ble_conn_state.c.o
                0x00000000000210d0                ble_conn_state_user_flag_collection
 .text.ble_srv_is_notification_enabled
                0x00000000000210ec        0x8 _build/nrf51422_xxac_ble_srv_common.c.o
                0x00000000000210ec                ble_srv_is_notification_enabled
 .text.ble_srv_report_ref_encode
                0x00000000000210f4        0xc _build/nrf51422_xxac_ble_srv_common.c.o
                0x00000000000210f4                ble_srv_report_ref_encode
 .text.ble_srv_ascii_to_utf8
                0x0000000000021100       0x14 _build/nrf51422_xxac_ble_srv_common.c.o
                0x0000000000021100                ble_srv_ascii_to_utf8
 .text.local_db_update_in_evt
                0x0000000000021114       0x80 _build/nrf51422_xxac_gatt_cache_manager.c.o
 .text.local_db_apply_in_evt.part.1
                0x0000000000021194       0x78 _build/nrf51422_xxac_gatt_cache_manager.c.o
 .text.service_changed_pending_flags_check.part.2
                0x000000000002120c      0x118 _build/nrf51422_xxac_gatt_cache_manager.c.o
 .text.gcm_gscm_evt_handler
                0x0000000000021324       0x7c _build/nrf51422_xxac_gatt_cache_manager.c.o
                0x0000000000021324                gcm_gscm_evt_handler
 .text.gcm_im_evt_handler
                0x00000000000213a0       0xa8 _build/nrf51422_xxac_gatt_cache_manager.c.o
                0x00000000000213a0                gcm_im_evt_handler
 .text.gcm_smd_evt_handler
                0x0000000000021448       0x9c _build/nrf51422_xxac_gatt_cache_manager.c.o
                0x0000000000021448                gcm_smd_evt_handler
 .text.gcm_init
                0x00000000000214e4       0x50 _build/nrf51422_xxac_gatt_cache_manager.c.o
                0x00000000000214e4                gcm_init
 .text.gcm_ble_evt_handler
                0x0000000000021534      0x13c _build/nrf51422_xxac_gatt_cache_manager.c.o
                0x0000000000021534                gcm_ble_evt_handler
 .text.gcm_local_database_has_changed
                0x0000000000021670       0x78 _build/nrf51422_xxac_gatt_cache_manager.c.o
                0x0000000000021670                gcm_local_database_has_changed
 .text.sd_ble_gatts_service_changed
                0x00000000000216e8        0x4 _build/nrf51422_xxac_gatts_cache_manager.c.o
 .text.sd_ble_gatts_sys_attr_set
                0x00000000000216ec        0x4 _build/nrf51422_xxac_gatts_cache_manager.c.o
 .text.sd_ble_gatts_sys_attr_get
                0x00000000000216f0        0x4 _build/nrf51422_xxac_gatts_cache_manager.c.o
 .text.gscm_pdb_evt_handler
                0x00000000000216f4       0x78 _build/nrf51422_xxac_gatts_cache_manager.c.o
                0x00000000000216f4                gscm_pdb_evt_handler
 .text.gscm_init
                0x000000000002176c       0x10 _build/nrf51422_xxac_gatts_cache_manager.c.o
                0x000000000002176c                gscm_init
 .text.gscm_local_db_cache_update
                0x000000000002177c       0xa8 _build/nrf51422_xxac_gatts_cache_manager.c.o
                0x000000000002177c                gscm_local_db_cache_update
 .text.gscm_local_db_cache_apply
                0x0000000000021824       0x94 _build/nrf51422_xxac_gatts_cache_manager.c.o
                0x0000000000021824                gscm_local_db_cache_apply
 .text.gscm_local_database_has_changed
                0x00000000000218b8       0x48 _build/nrf51422_xxac_gatts_cache_manager.c.o
                0x00000000000218b8                gscm_local_database_has_changed
 .text.gscm_service_changed_ind_needed
                0x0000000000021900       0x20 _build/nrf51422_xxac_gatts_cache_manager.c.o
                0x0000000000021900                gscm_service_changed_ind_needed
 .text.gscm_service_changed_ind_send
                0x0000000000021920       0x30 _build/nrf51422_xxac_gatts_cache_manager.c.o
                0x0000000000021920                gscm_service_changed_ind_send
 .text.gscm_db_change_notification_done
                0x0000000000021950       0x20 _build/nrf51422_xxac_gatts_cache_manager.c.o
                0x0000000000021950                gscm_db_change_notification_done
 .text.sd_ble_gap_address_get
                0x0000000000021970        0x4 _build/nrf51422_xxac_id_manager.c.o
 .text.sd_ecb_block_encrypt
                0x0000000000021974        0x4 _build/nrf51422_xxac_id_manager.c.o
 .text.im_ble_evt_handler
                0x0000000000021978      0x2cc _build/nrf51422_xxac_id_manager.c.o
                0x0000000000021978                im_ble_evt_handler
 .text.im_pdb_evt_handler
                0x0000000000021c44      0x17c _build/nrf51422_xxac_id_manager.c.o
                0x0000000000021c44                im_pdb_evt_handler
 .text.im_init  0x0000000000021dc0       0x48 _build/nrf51422_xxac_id_manager.c.o
                0x0000000000021dc0                im_init
 .text.im_peer_id_get_by_conn_handle
                0x0000000000021e08       0x80 _build/nrf51422_xxac_id_manager.c.o
                0x0000000000021e08                im_peer_id_get_by_conn_handle
 .text.im_ble_addr_get
                0x0000000000021e88       0x8c _build/nrf51422_xxac_id_manager.c.o
                0x0000000000021e88                im_ble_addr_get
 .text.im_master_ids_compare
                0x0000000000021f14       0x58 _build/nrf51422_xxac_id_manager.c.o
                0x0000000000021f14                im_master_ids_compare
 .text.im_peer_id_get_by_master_id
                0x0000000000021f6c       0xdc _build/nrf51422_xxac_id_manager.c.o
                0x0000000000021f6c                im_peer_id_get_by_master_id
 .text.im_conn_handle_get
                0x0000000000022048       0x6c _build/nrf51422_xxac_id_manager.c.o
                0x0000000000022048                im_conn_handle_get
 .text.im_master_id_is_valid
                0x00000000000220b4       0x40 _build/nrf51422_xxac_id_manager.c.o
                0x00000000000220b4                im_master_id_is_valid
 .text.im_new_peer_id
                0x00000000000220f4       0x7c _build/nrf51422_xxac_id_manager.c.o
                0x00000000000220f4                im_new_peer_id
 .text.im_peer_free
                0x0000000000022170       0xf4 _build/nrf51422_xxac_id_manager.c.o
                0x0000000000022170                im_peer_free
 .text.im_device_identities_list_set
                0x0000000000022264        0x4 _build/nrf51422_xxac_id_manager.c.o
                0x0000000000022264                im_device_identities_list_set
 .text.im_whitelist_get
                0x0000000000022268      0x27c _build/nrf51422_xxac_id_manager.c.o
                0x0000000000022268                im_whitelist_get
 .text.im_whitelist_set
                0x00000000000224e4       0x3c _build/nrf51422_xxac_id_manager.c.o
                0x00000000000224e4                im_whitelist_set
 .text.peer_data_delete
                0x0000000000022520       0xa0 _build/nrf51422_xxac_peer_data_storage.c.o
 .text.fds_evt_handler
                0x00000000000225c0      0x134 _build/nrf51422_xxac_peer_data_storage.c.o
 .text.pds_init
                0x00000000000226f4       0x70 _build/nrf51422_xxac_peer_data_storage.c.o
                0x00000000000226f4                pds_init
 .text.pds_peer_data_read
                0x0000000000022764       0x90 _build/nrf51422_xxac_peer_data_storage.c.o
                0x0000000000022764                pds_peer_data_read
 .text.pds_peer_data_iterate_prepare
                0x00000000000227f4       0x14 _build/nrf51422_xxac_peer_data_storage.c.o
                0x00000000000227f4                pds_peer_data_iterate_prepare
 .text.pds_peer_data_iterate
                0x0000000000022808       0x58 _build/nrf51422_xxac_peer_data_storage.c.o
                0x0000000000022808                pds_peer_data_iterate
 .text.pds_space_reserve
                0x0000000000022860       0x38 _build/nrf51422_xxac_peer_data_storage.c.o
                0x0000000000022860                pds_space_reserve
 .text.pds_space_reserve_cancel
                0x0000000000022898       0x1c _build/nrf51422_xxac_peer_data_storage.c.o
                0x0000000000022898                pds_space_reserve_cancel
 .text.pds_peer_data_store
                0x00000000000228b4       0xc4 _build/nrf51422_xxac_peer_data_storage.c.o
                0x00000000000228b4                pds_peer_data_store
 .text.pds_peer_id_allocate
                0x0000000000022978       0x10 _build/nrf51422_xxac_peer_data_storage.c.o
                0x0000000000022978                pds_peer_id_allocate
 .text.pds_peer_id_free
                0x0000000000022988       0x18 _build/nrf51422_xxac_peer_data_storage.c.o
                0x0000000000022988                pds_peer_id_free
 .text.pds_peer_id_is_allocated
                0x00000000000229a0        0x8 _build/nrf51422_xxac_peer_data_storage.c.o
                0x00000000000229a0                pds_peer_id_is_allocated
 .text.pds_next_peer_id_get
                0x00000000000229a8        0x8 _build/nrf51422_xxac_peer_data_storage.c.o
                0x00000000000229a8                pds_next_peer_id_get
 .text.pds_next_deleted_peer_id_get
                0x00000000000229b0        0x8 _build/nrf51422_xxac_peer_data_storage.c.o
                0x00000000000229b0                pds_next_deleted_peer_id_get
 .text.pdb_write_buf_store.part.2
                0x00000000000229b8      0x34c _build/nrf51422_xxac_peer_database.c.o
 .text.pdb_pds_evt_handler
                0x0000000000022d04      0x4dc _build/nrf51422_xxac_peer_database.c.o
                0x0000000000022d04                pdb_pds_evt_handler
 .text.pdb_init
                0x00000000000231e0      0x14c _build/nrf51422_xxac_peer_database.c.o
                0x00000000000231e0                pdb_init
 .text.pdb_peer_allocate
                0x000000000002332c        0x8 _build/nrf51422_xxac_peer_database.c.o
                0x000000000002332c                pdb_peer_allocate
 .text.pdb_peer_free
                0x0000000000023334      0x3e8 _build/nrf51422_xxac_peer_database.c.o
                0x0000000000023334                pdb_peer_free
 .text.pdb_peer_data_ptr_get
                0x000000000002371c        0xc _build/nrf51422_xxac_peer_database.c.o
                0x000000000002371c                pdb_peer_data_ptr_get
 .text.pdb_write_buf_get
                0x0000000000023728      0x630 _build/nrf51422_xxac_peer_database.c.o
                0x0000000000023728                pdb_write_buf_get
 .text.pdb_write_buf_release
                0x0000000000023d58      0x2ac _build/nrf51422_xxac_peer_database.c.o
                0x0000000000023d58                pdb_write_buf_release
 .text.pdb_write_buf_store_prepare
                0x0000000000024004      0x2e0 _build/nrf51422_xxac_peer_database.c.o
                0x0000000000024004                pdb_write_buf_store_prepare
 .text.pdb_write_buf_store
                0x00000000000242e4       0x18 _build/nrf51422_xxac_peer_database.c.o
                0x00000000000242e4                pdb_write_buf_store
 .text.pdb_next_peer_id_get
                0x00000000000242fc        0x8 _build/nrf51422_xxac_peer_database.c.o
                0x00000000000242fc                pdb_next_peer_id_get
 .text.pdb_next_deleted_peer_id_get
                0x0000000000024304        0x8 _build/nrf51422_xxac_peer_database.c.o
                0x0000000000024304                pdb_next_deleted_peer_id_get
 .text.pdb_peer_data_load
                0x000000000002430c       0x14 _build/nrf51422_xxac_peer_database.c.o
                0x000000000002430c                pdb_peer_data_load
 .text.pdb_raw_store
                0x0000000000024320        0xc _build/nrf51422_xxac_peer_database.c.o
                0x0000000000024320                pdb_raw_store
 .text.peer_id_init
                0x000000000002432c       0x2c _build/nrf51422_xxac_peer_id.c.o
                0x000000000002432c                peer_id_init
 .text.peer_id_allocate
                0x0000000000024358       0x40 _build/nrf51422_xxac_peer_id.c.o
                0x0000000000024358                peer_id_allocate
 .text.peer_id_delete
                0x0000000000024398       0x2c _build/nrf51422_xxac_peer_id.c.o
                0x0000000000024398                peer_id_delete
 .text.peer_id_free
                0x00000000000243c4       0x24 _build/nrf51422_xxac_peer_id.c.o
                0x00000000000243c4                peer_id_free
 .text.peer_id_is_allocated
                0x00000000000243e8       0x18 _build/nrf51422_xxac_peer_id.c.o
                0x00000000000243e8                peer_id_is_allocated
 .text.peer_id_get_next_used
                0x0000000000024400       0x68 _build/nrf51422_xxac_peer_id.c.o
                0x0000000000024400                peer_id_get_next_used
 .text.peer_id_get_next_deleted
                0x0000000000024468       0x44 _build/nrf51422_xxac_peer_id.c.o
                0x0000000000024468                peer_id_get_next_deleted
 .text.pm_pdb_evt_handler
                0x00000000000244ac      0x1f8 _build/nrf51422_xxac_peer_manager.c.o
                0x00000000000244ac                pm_pdb_evt_handler
 .text.pm_sm_evt_handler
                0x00000000000246a4      0x170 _build/nrf51422_xxac_peer_manager.c.o
                0x00000000000246a4                pm_sm_evt_handler
 .text.pm_gcm_evt_handler
                0x0000000000024814       0x9c _build/nrf51422_xxac_peer_manager.c.o
                0x0000000000024814                pm_gcm_evt_handler
 .text.pm_im_evt_handler
                0x00000000000248b0       0x78 _build/nrf51422_xxac_peer_manager.c.o
                0x00000000000248b0                pm_im_evt_handler
 .text.pm_on_ble_evt
                0x0000000000024928       0x24 _build/nrf51422_xxac_peer_manager.c.o
                0x0000000000024928                pm_on_ble_evt
 .text.pm_init  0x000000000002494c       0x90 _build/nrf51422_xxac_peer_manager.c.o
                0x000000000002494c                pm_init
 .text.pm_register
                0x00000000000249dc       0x34 _build/nrf51422_xxac_peer_manager.c.o
                0x00000000000249dc                pm_register
 .text.pm_sec_params_set
                0x0000000000024a10       0x1c _build/nrf51422_xxac_peer_manager.c.o
                0x0000000000024a10                pm_sec_params_set
 .text.pm_conn_sec_config_reply
                0x0000000000024a2c        0x8 _build/nrf51422_xxac_peer_manager.c.o
                0x0000000000024a2c                pm_conn_sec_config_reply
 .text.pm_local_database_has_changed
                0x0000000000024a34       0x14 _build/nrf51422_xxac_peer_manager.c.o
                0x0000000000024a34                pm_local_database_has_changed
 .text.pm_whitelist_set
                0x0000000000024a48       0x1c _build/nrf51422_xxac_peer_manager.c.o
                0x0000000000024a48                pm_whitelist_set
 .text.pm_whitelist_get
                0x0000000000024a64       0x34 _build/nrf51422_xxac_peer_manager.c.o
                0x0000000000024a64                pm_whitelist_get
 .text.pm_device_identities_list_set
                0x0000000000024a98       0x1c _build/nrf51422_xxac_peer_manager.c.o
                0x0000000000024a98                pm_device_identities_list_set
 .text.pm_next_peer_id_get
                0x0000000000024ab4       0x1c _build/nrf51422_xxac_peer_manager.c.o
                0x0000000000024ab4                pm_next_peer_id_get
 .text.pm_peer_data_bonding_load
                0x0000000000024ad0       0x44 _build/nrf51422_xxac_peer_manager.c.o
                0x0000000000024ad0                pm_peer_data_bonding_load
 .text.pm_peers_delete
                0x0000000000024b14       0x54 _build/nrf51422_xxac_peer_manager.c.o
                0x0000000000024b14                pm_peers_delete
 .text.pm_buffer_init
                0x0000000000024b68       0x50 _build/nrf51422_xxac_pm_buffer.c.o
                0x0000000000024b68                pm_buffer_init
 .text.pm_buffer_block_acquire
                0x0000000000024bb8       0x9c _build/nrf51422_xxac_pm_buffer.c.o
                0x0000000000024bb8                pm_buffer_block_acquire
 .text.pm_buffer_ptr_get
                0x0000000000024c54       0x34 _build/nrf51422_xxac_pm_buffer.c.o
                0x0000000000024c54                pm_buffer_ptr_get
 .text.pm_buffer_release
                0x0000000000024c88       0x30 _build/nrf51422_xxac_pm_buffer.c.o
                0x0000000000024c88                pm_buffer_release
 .text.pm_mutex_init
                0x0000000000024cb8       0x14 _build/nrf51422_xxac_pm_mutex.c.o
                0x0000000000024cb8                pm_mutex_init
 .text.pm_mutex_lock
                0x0000000000024ccc       0x4c _build/nrf51422_xxac_pm_mutex.c.o
                0x0000000000024ccc                pm_mutex_lock
 .text.pm_mutex_unlock
                0x0000000000024d18       0x3c _build/nrf51422_xxac_pm_mutex.c.o
                0x0000000000024d18                pm_mutex_unlock
 .text.pm_mutex_lock_first_available
                0x0000000000024d54       0x84 _build/nrf51422_xxac_pm_mutex.c.o
                0x0000000000024d54                pm_mutex_lock_first_available
 .text.pm_mutex_lock_status_get
                0x0000000000024dd8       0x20 _build/nrf51422_xxac_pm_mutex.c.o
                0x0000000000024dd8                pm_mutex_lock_status_get
 .text.sd_ble_gap_authenticate
                0x0000000000024df8        0x4 _build/nrf51422_xxac_security_dispatcher.c.o
 .text.sd_ble_gap_sec_params_reply
                0x0000000000024dfc        0x4 _build/nrf51422_xxac_security_dispatcher.c.o
 .text.sd_ble_gap_encrypt
                0x0000000000024e00        0x4 _build/nrf51422_xxac_security_dispatcher.c.o
 .text.sd_ble_gap_sec_info_reply
                0x0000000000024e04        0x4 _build/nrf51422_xxac_security_dispatcher.c.o
 .text.pairing_failure
                0x0000000000024e08       0x80 _build/nrf51422_xxac_security_dispatcher.c.o
 .text.smd_pdb_evt_handler
                0x0000000000024e88       0x40 _build/nrf51422_xxac_security_dispatcher.c.o
                0x0000000000024e88                smd_pdb_evt_handler
 .text.smd_init
                0x0000000000024ec8       0x68 _build/nrf51422_xxac_security_dispatcher.c.o
                0x0000000000024ec8                smd_init
 .text.smd_params_reply
                0x0000000000024f30      0x1e8 _build/nrf51422_xxac_security_dispatcher.c.o
                0x0000000000024f30                smd_params_reply
 .text.smd_link_secure
                0x0000000000025118      0x24c _build/nrf51422_xxac_security_dispatcher.c.o
                0x0000000000025118                smd_link_secure
 .text.smd_ble_evt_handler
                0x0000000000025364      0x3a0 _build/nrf51422_xxac_security_dispatcher.c.o
                0x0000000000025364                smd_ble_evt_handler
 .text.link_secure.part.1
                0x0000000000025704      0x168 _build/nrf51422_xxac_security_manager.c.o
 .text.smd_params_reply_perform
                0x000000000002586c      0x180 _build/nrf51422_xxac_security_manager.c.o
 .text.sm_smd_evt_handler
                0x00000000000259ec       0x74 _build/nrf51422_xxac_security_manager.c.o
                0x00000000000259ec                sm_smd_evt_handler
 .text.sm_pdb_evt_handler
                0x0000000000025a60      0x1a8 _build/nrf51422_xxac_security_manager.c.o
                0x0000000000025a60                sm_pdb_evt_handler
 .text.sm_init  0x0000000000025c08       0xb8 _build/nrf51422_xxac_security_manager.c.o
                0x0000000000025c08                sm_init
 .text.sm_ble_evt_handler
                0x0000000000025cc0       0xa0 _build/nrf51422_xxac_security_manager.c.o
                0x0000000000025cc0                sm_ble_evt_handler
 .text.sm_sec_params_set
                0x0000000000025d60       0x80 _build/nrf51422_xxac_security_manager.c.o
                0x0000000000025d60                sm_sec_params_set
 .text.sm_conn_sec_config_reply
                0x0000000000025de0       0x18 _build/nrf51422_xxac_security_manager.c.o
                0x0000000000025de0                sm_conn_sec_config_reply
 .text          0x0000000000025df8       0x4c _build/nrf51422_xxac_gcc_startup_nrf51.S.o
                0x0000000000025df8                Reset_Handler
                0x0000000000025e38                NMI_Handler
                0x0000000000025e3a                HardFault_Handler
                0x0000000000025e3c                SVC_Handler
                0x0000000000025e3e                PendSV_Handler
                0x0000000000025e40                SysTick_Handler
                0x0000000000025e42                TEMP_IRQHandler
                0x0000000000025e42                QDEC_IRQHandler
                0x0000000000025e42                SWI5_IRQHandler
                0x0000000000025e42                TIMER0_IRQHandler
                0x0000000000025e42                TIMER1_IRQHandler
                0x0000000000025e42                ECB_IRQHandler
                0x0000000000025e42                Default_Handler
                0x0000000000025e42                ADC_IRQHandler
                0x0000000000025e42                SWI3_IRQHandler
                0x0000000000025e42                CCM_AAR_IRQHandler
                0x0000000000025e42                WDT_IRQHandler
                0x0000000000025e42                RNG_IRQHandler
                0x0000000000025e42                SPI1_TWI1_IRQHandler
                0x0000000000025e42                TIMER2_IRQHandler
                0x0000000000025e42                SWI1_IRQHandler
                0x0000000000025e42                SPI0_TWI0_IRQHandler
                0x0000000000025e42                RTC0_IRQHandler
                0x0000000000025e42                RADIO_IRQHandler
                0x0000000000025e42                LPCOMP_IRQHandler
                0x0000000000025e42                SWI4_IRQHandler
 .text.SystemInit
                0x0000000000025e44       0xe4 _build/nrf51422_xxac_system_nrf51.c.o
                0x0000000000025e44                SystemInit
 .text.sd_ble_gatts_service_add
                0x0000000000025f28        0x4 _build/nrf51422_xxac_ble_bas.c.o
 .text.sd_ble_gatts_characteristic_add
                0x0000000000025f2c        0x4 _build/nrf51422_xxac_ble_bas.c.o
 .text.sd_ble_gatts_descriptor_add
                0x0000000000025f30        0x4 _build/nrf51422_xxac_ble_bas.c.o
 .text.sd_ble_gatts_value_set
                0x0000000000025f34        0x4 _build/nrf51422_xxac_ble_bas.c.o
 .text.sd_ble_gatts_hvx
                0x0000000000025f38        0x4 _build/nrf51422_xxac_ble_bas.c.o
 .text.ble_bas_on_ble_evt
                0x0000000000025f3c       0x60 _build/nrf51422_xxac_ble_bas.c.o
                0x0000000000025f3c                ble_bas_on_ble_evt
 .text.ble_bas_init
                0x0000000000025f9c      0x1d4 _build/nrf51422_xxac_ble_bas.c.o
                0x0000000000025f9c                ble_bas_init
 .text.ble_bas_battery_level_update
                0x0000000000026170       0x88 _build/nrf51422_xxac_ble_bas.c.o
                0x0000000000026170                ble_bas_battery_level_update
 .text.sd_ble_gatts_service_add
                0x00000000000261f8        0x4 _build/nrf51422_xxac_ble_dis.c.o
 .text.sd_ble_gatts_characteristic_add
                0x00000000000261fc        0x4 _build/nrf51422_xxac_ble_dis.c.o
 .text.char_add
                0x0000000000026200       0xc8 _build/nrf51422_xxac_ble_dis.c.o
 .text.ble_dis_init
                0x00000000000262c8      0x2ec _build/nrf51422_xxac_ble_dis.c.o
                0x00000000000262c8                ble_dis_init
 .text.sd_ble_gatts_service_add
                0x00000000000265b4        0x4 _build/nrf51422_xxac_ble_hids.c.o
 .text.sd_ble_gatts_include_add
                0x00000000000265b8        0x4 _build/nrf51422_xxac_ble_hids.c.o
 .text.sd_ble_gatts_characteristic_add
                0x00000000000265bc        0x4 _build/nrf51422_xxac_ble_hids.c.o
 .text.sd_ble_gatts_descriptor_add
                0x00000000000265c0        0x4 _build/nrf51422_xxac_ble_hids.c.o
 .text.sd_ble_gatts_value_set
                0x00000000000265c4        0x4 _build/nrf51422_xxac_ble_hids.c.o
 .text.sd_ble_gatts_value_get
                0x00000000000265c8        0x4 _build/nrf51422_xxac_ble_hids.c.o
 .text.sd_ble_gatts_hvx
                0x00000000000265cc        0x4 _build/nrf51422_xxac_ble_hids.c.o
 .text.unlikely.sd_ble_uuid_encode
                0x00000000000265d0        0x4 _build/nrf51422_xxac_ble_hids.c.o
 .text.rep_char_add.isra.9
                0x00000000000265d4      0x184 _build/nrf51422_xxac_ble_hids.c.o
 .text.unlikely.boot_inp_rep_char_add.isra.7.constprop.13
                0x0000000000026758       0xec _build/nrf51422_xxac_ble_hids.c.o
 .text.ble_hids_on_ble_evt
                0x0000000000026844      0x7c0 _build/nrf51422_xxac_ble_hids.c.o
                0x0000000000026844                ble_hids_on_ble_evt
 .text.ble_hids_init
                0x0000000000027004      0x6b8 _build/nrf51422_xxac_ble_hids.c.o
                0x0000000000027004                ble_hids_init
 .text.ble_hids_inp_rep_send
                0x00000000000276bc       0x80 _build/nrf51422_xxac_ble_hids.c.o
                0x00000000000276bc                ble_hids_inp_rep_send
 .text.ble_hids_boot_kb_inp_rep_send
                0x000000000002773c       0x6c _build/nrf51422_xxac_ble_hids.c.o
                0x000000000002773c                ble_hids_boot_kb_inp_rep_send
 .text.ble_hids_outp_rep_get
                0x00000000000277a8       0x3c _build/nrf51422_xxac_ble_hids.c.o
                0x00000000000277a8                ble_hids_outp_rep_get
 .text.sd_evt_get
                0x00000000000277e4        0x4 _build/nrf51422_xxac_softdevice_handler.c.o
 .text.sd_softdevice_enable
                0x00000000000277e8        0x4 _build/nrf51422_xxac_softdevice_handler.c.o
 .text.sd_ble_enable
                0x00000000000277ec        0x4 _build/nrf51422_xxac_softdevice_handler.c.o
 .text.sd_ble_evt_get
                0x00000000000277f0        0x4 _build/nrf51422_xxac_softdevice_handler.c.o
 .text.softdevice_fault_handler
                0x00000000000277f4        0x8 _build/nrf51422_xxac_softdevice_handler.c.o
                0x00000000000277f4                softdevice_fault_handler
 .text.intern_softdevice_events_execute.part.1
                0x00000000000277fc       0xcc _build/nrf51422_xxac_softdevice_handler.c.o
 .text.intern_softdevice_events_execute
                0x00000000000278c8       0x14 _build/nrf51422_xxac_softdevice_handler.c.o
                0x00000000000278c8                intern_softdevice_events_execute
 .text.softdevice_handler_is_enabled
                0x00000000000278dc        0xc _build/nrf51422_xxac_softdevice_handler.c.o
                0x00000000000278dc                softdevice_handler_is_enabled
 .text.softdevice_handler_init
                0x00000000000278e8       0xa0 _build/nrf51422_xxac_softdevice_handler.c.o
                0x00000000000278e8                softdevice_handler_init
 .text.softdevice_ble_evt_handler_set
                0x0000000000027988       0x14 _build/nrf51422_xxac_softdevice_handler.c.o
                0x0000000000027988                softdevice_ble_evt_handler_set
 .text.softdevice_sys_evt_handler_set
                0x000000000002799c       0x14 _build/nrf51422_xxac_softdevice_handler.c.o
                0x000000000002799c                softdevice_sys_evt_handler_set
 .text.SWI2_IRQHandler
                0x00000000000279b0       0x30 _build/nrf51422_xxac_softdevice_handler.c.o
                0x00000000000279b0                SWI2_IRQHandler
 .text.softdevice_enable_get_default_config
                0x00000000000279e0       0x30 _build/nrf51422_xxac_softdevice_handler.c.o
                0x00000000000279e0                softdevice_enable_get_default_config
 .text.softdevice_enable
                0x0000000000027a10       0x1c _build/nrf51422_xxac_softdevice_handler.c.o
                0x0000000000027a10                softdevice_enable
 .text.softdevice_evt_get
                0x0000000000027a2c       0x14 _build/nrf51422_xxac_softdevice_handler_appsh.c.o
                0x0000000000027a2c                softdevice_evt_get
 .text.softdevice_evt_schedule
                0x0000000000027a40       0x14 _build/nrf51422_xxac_softdevice_handler_appsh.c.o
                0x0000000000027a40                softdevice_evt_schedule
 .text          0x0000000000027a54      0x114 /usr/local/Cellar/gcc-arm-none-eabi/20160928/bin/../lib/gcc/arm-none-eabi/5.4.1/armv6-m/libgcc.a(_udivsi3.o)
                0x0000000000027a54                __udivsi3
                0x0000000000027a54                __aeabi_uidiv
                0x0000000000027b60                __aeabi_uidivmod
 .text          0x0000000000027b68      0x1d4 /usr/local/Cellar/gcc-arm-none-eabi/20160928/bin/../lib/gcc/arm-none-eabi/5.4.1/armv6-m/libgcc.a(_divsi3.o)
                0x0000000000027b68                __aeabi_idiv
                0x0000000000027b68                __divsi3
                0x0000000000027d34                __aeabi_idivmod
 .text          0x0000000000027d3c        0x4 /usr/local/Cellar/gcc-arm-none-eabi/20160928/bin/../lib/gcc/arm-none-eabi/5.4.1/armv6-m/libgcc.a(_dvmd_tls.o)
                0x0000000000027d3c                __aeabi_ldiv0
                0x0000000000027d3c                __aeabi_idiv0
 .text.memcmp   0x0000000000027d40       0x1e /usr/local/Cellar/gcc-arm-none-eabi/20160928/bin/../lib/gcc/arm-none-eabi/5.4.1/../../../../arm-none-eabi/lib/armv6-m/libc_nano.a(lib_a-memcmp.o)
                0x0000000000027d40                memcmp
 .text.memcpy   0x0000000000027d5e       0x12 /usr/local/Cellar/gcc-arm-none-eabi/20160928/bin/../lib/gcc/arm-none-eabi/5.4.1/../../../../arm-none-eabi/lib/armv6-m/libc_nano.a(lib_a-memcpy-stub.o)
                0x0000000000027d5e                memcpy
 .text          0x0000000000027d70        0xe /usr/local/Cellar/gcc-arm-none-eabi/20160928/bin/../lib/gcc/arm-none-eabi/5.4.1/../../../../arm-none-eabi/lib/armv6-m/libc_nano.a(lib_a-strlen.o)
                0x0000000000027d70                strlen
 *(.init)
 *fill*         0x0000000000027d7e        0x2 
 .init          0x0000000000027d80        0x4 /usr/local/Cellar/gcc-arm-none-eabi/20160928/bin/../lib/gcc/arm-none-eabi/5.4.1/armv6-m/crti.o
                0x0000000000027d80                _init
 .init          0x0000000000027d84        0x8 /usr/local/Cellar/gcc-arm-none-eabi/20160928/bin/../lib/gcc/arm-none-eabi/5.4.1/armv6-m/crtn.o
 *(.fini)
 .fini          0x0000000000027d8c        0x4 /usr/local/Cellar/gcc-arm-none-eabi/20160928/bin/../lib/gcc/arm-none-eabi/5.4.1/armv6-m/crti.o
                0x0000000000027d8c                _fini
 .fini          0x0000000000027d90        0x8 /usr/local/Cellar/gcc-arm-none-eabi/20160928/bin/../lib/gcc/arm-none-eabi/5.4.1/armv6-m/crtn.o
 *crtbegin.o(.ctors)
 *crtbegin?.o(.ctors)
 *(EXCLUDE_FILE(*crtend.o *crtend?.o) .ctors)
 *(SORT(.ctors.*))
 *(.ctors)
 *crtbegin.o(.dtors)
 *crtbegin?.o(.dtors)
 *(EXCLUDE_FILE(*crtend.o *crtend?.o) .dtors)
 *(SORT(.dtors.*))
 *(.dtors)
 *(.rodata*)
 .rodata._global_impure_ptr
                0x0000000000027d98        0x4 /usr/local/Cellar/gcc-arm-none-eabi/20160928/bin/../lib/gcc/arm-none-eabi/5.4.1/../../../../arm-none-eabi/lib/armv6-m/libc_nano.a(lib_a-impure.o)
                0x0000000000027d98                _global_impure_ptr
 .rodata.m_detection_delay_timer_id
                0x0000000000027d9c        0x4 _build/nrf51422_xxac_app_button.c.o
 .rodata.queue_process
                0x0000000000027da0       0x94 _build/nrf51422_xxac_fds.c.o
 .rodata.fds_init
                0x0000000000027e34       0x30 _build/nrf51422_xxac_fds.c.o
 .rodata.page_tag_swap.6317
                0x0000000000027e64        0x8 _build/nrf51422_xxac_fds.c.o
 .rodata.m_fds_tl_dirty
                0x0000000000027e6c        0x4 _build/nrf51422_xxac_fds.c.o
 .rodata.page_tag_data.6321
                0x0000000000027e70        0x8 _build/nrf51422_xxac_fds.c.o
 .rodata.m_board_btn_list
                0x0000000000027e78        0x4 _build/nrf51422_xxac_boards.c.o
 .rodata.m_board_led_list
                0x0000000000027e7c        0x4 _build/nrf51422_xxac_boards.c.o
 .rodata.leds_timer_handler
                0x0000000000027e80       0x60 _build/nrf51422_xxac_bsp.c.o
 .rodata.bsp_indication_set
                0x0000000000027ee0       0x60 _build/nrf51422_xxac_bsp.c.o
 .rodata.m_button_timer_id
                0x0000000000027f40        0x4 _build/nrf51422_xxac_bsp.c.o
 .rodata.m_leds_timer_id
                0x0000000000027f44        0x4 _build/nrf51422_xxac_bsp.c.o
 .rodata.app_buttons
                0x0000000000027f48       0x20 _build/nrf51422_xxac_bsp.c.o
 .rodata.m_alert_timer_id
                0x0000000000027f68        0x4 _build/nrf51422_xxac_bsp.c.o
 .rodata.on_adv_evt
                0x0000000000027f6c       0x24 _build/nrf51422_xxac_main.c.o
 .rodata.pm_evt_handler
                0x0000000000027f90       0x3c _build/nrf51422_xxac_main.c.o
 .rodata        0x0000000000027fcc        0x4 _build/nrf51422_xxac_main.c.o
 .rodata.m_battery_timer_id
                0x0000000000027fd0        0x4 _build/nrf51422_xxac_main.c.o
 .rodata.str1.4
                0x0000000000027fd4       0x24 _build/nrf51422_xxac_main.c.o
 .rodata.ble_advertising_start.part.1
                0x0000000000027ff8       0x14 _build/nrf51422_xxac_ble_advertising.c.o
 .rodata.m_conn_params_timer_id
                0x000000000002800c        0x4 _build/nrf51422_xxac_ble_conn_params.c.o
 .rodata        0x0000000000028010       0x10 _build/nrf51422_xxac_gatts_cache_manager.c.o
 .rodata.service_changed_pending.7192
                0x0000000000028020        0x4 _build/nrf51422_xxac_gatts_cache_manager.c.o
 .rodata.service_changed_pending.7255
                0x0000000000028024        0x4 _build/nrf51422_xxac_gatts_cache_manager.c.o
 .rodata.fds_evt_handler
                0x0000000000028028       0x18 _build/nrf51422_xxac_peer_data_storage.c.o
 .rodata.pdb_pds_evt_handler
                0x0000000000028040       0x78 _build/nrf51422_xxac_peer_database.c.o
 .rodata.m_evt_handlers
                0x00000000000280b8       0x14 _build/nrf51422_xxac_peer_database.c.o
 .rodata.pm_pdb_evt_handler
                0x00000000000280cc       0x28 _build/nrf51422_xxac_peer_manager.c.o
 .rodata.pm_sm_evt_handler
                0x00000000000280f4       0x34 _build/nrf51422_xxac_peer_manager.c.o
 .rodata.pm_gcm_evt_handler
                0x0000000000028128       0x28 _build/nrf51422_xxac_peer_manager.c.o
 .rodata.smd_ble_evt_handler
                0x0000000000028150       0x38 _build/nrf51422_xxac_security_dispatcher.c.o
 *(.eh_frame*)
 .eh_frame      0x0000000000028188        0x0 /usr/local/Cellar/gcc-arm-none-eabi/20160928/bin/../lib/gcc/arm-none-eabi/5.4.1/armv6-m/crtbegin.o
 .eh_frame      0x0000000000028188        0x4 /usr/local/Cellar/gcc-arm-none-eabi/20160928/bin/../lib/gcc/arm-none-eabi/5.4.1/armv6-m/crtend.o

.glue_7         0x000000000002818c        0x0
 .glue_7        0x000000000002818c        0x0 linker stubs

.glue_7t        0x000000000002818c        0x0
 .glue_7t       0x000000000002818c        0x0 linker stubs

.vfp11_veneer   0x000000000002818c        0x0
 .vfp11_veneer  0x000000000002818c        0x0 linker stubs

.v4_bx          0x000000000002818c        0x0
 .v4_bx         0x000000000002818c        0x0 linker stubs

.iplt           0x000000000002818c        0x0
 .iplt          0x000000000002818c        0x0 /usr/local/Cellar/gcc-arm-none-eabi/20160928/bin/../lib/gcc/arm-none-eabi/5.4.1/armv6-m/crtbegin.o

.ARM.extab
 *(.ARM.extab* .gnu.linkonce.armextab.*)
                0x000000000002818c                __exidx_start = .

.ARM.exidx      0x000000000002818c        0x8
 *(.ARM.exidx* .gnu.linkonce.armexidx.*)
 .ARM.exidx     0x000000000002818c        0x8 /usr/local/Cellar/gcc-arm-none-eabi/20160928/bin/../lib/gcc/arm-none-eabi/5.4.1/../../../../arm-none-eabi/lib/armv6-m/crt0.o
                0x0000000000028194                __exidx_end = .
                0x0000000000028194                __etext = .

.rel.dyn        0x0000000000028194        0x0
 .rel.iplt      0x0000000000028194        0x0 /usr/local/Cellar/gcc-arm-none-eabi/20160928/bin/../lib/gcc/arm-none-eabi/5.4.1/armv6-m/crtbegin.o

.data           0x0000000020001fe8       0xfc load address 0x0000000000028194
                0x0000000020001fe8                __data_start__ = .
 *(vtable)
 *(.data*)
 .data.impure_data
                0x0000000020001fe8       0x60 /usr/local/Cellar/gcc-arm-none-eabi/20160928/bin/../lib/gcc/arm-none-eabi/5.4.1/../../../../arm-none-eabi/lib/armv6-m/libc_nano.a(lib_a-impure.o)
 .data.m_caps_off_key_scan_str
                0x0000000020002048        0x6 _build/nrf51422_xxac_main.c.o
 *fill*         0x000000002000204e        0x2 
 .data.m_caps_on_key_scan_str
                0x0000000020002050        0x6 _build/nrf51422_xxac_main.c.o
 *fill*         0x0000000020002056        0x2 
 .data.p_key.9224
                0x0000000020002058        0x4 _build/nrf51422_xxac_main.c.o
 .data.m_conn_handle
                0x000000002000205c        0x2 _build/nrf51422_xxac_main.c.o
 *fill*         0x000000002000205e        0x2 
 .data.report_map_data.9050
                0x0000000020002060       0x4c _build/nrf51422_xxac_main.c.o
 .data.m_adv_uuids
                0x00000000200020ac        0x4 _build/nrf51422_xxac_main.c.o
 .data.m_sample_key_press_scan_str
                0x00000000200020b0        0x6 _build/nrf51422_xxac_main.c.o
 *fill*         0x00000000200020b6        0x2 
 .data.m_whitelist
                0x00000000200020b8       0x10 _build/nrf51422_xxac_ble_advertising.c.o
 .data.m_flag_sec_proc_new_peer
                0x00000000200020c8        0x1 _build/nrf51422_xxac_security_dispatcher.c.o
 .data.m_flag_sec_proc
                0x00000000200020c9        0x1 _build/nrf51422_xxac_security_dispatcher.c.o
 .data.m_flag_sec_proc_pairing
                0x00000000200020ca        0x1 _build/nrf51422_xxac_security_dispatcher.c.o
 .data.m_flag_params_reply_pending_flash_full
                0x00000000200020cb        0x1 _build/nrf51422_xxac_security_manager.c.o
 .data.m_flag_reject_pairing
                0x00000000200020cc        0x1 _build/nrf51422_xxac_security_manager.c.o
 .data.m_flag_params_reply_pending_busy
                0x00000000200020cd        0x1 _build/nrf51422_xxac_security_manager.c.o
 .data.m_flag_link_secure_null_params
                0x00000000200020ce        0x1 _build/nrf51422_xxac_security_manager.c.o
 .data.m_flag_link_secure_pending_flash_full
                0x00000000200020cf        0x1 _build/nrf51422_xxac_security_manager.c.o
 .data.m_flag_link_secure_force_repairing
                0x00000000200020d0        0x1 _build/nrf51422_xxac_security_manager.c.o
 .data.m_flag_link_secure_pending_busy
                0x00000000200020d1        0x1 _build/nrf51422_xxac_security_manager.c.o
 *fill*         0x00000000200020d2        0x2 
 .data.SystemCoreClock
                0x00000000200020d4        0x4 _build/nrf51422_xxac_system_nrf51.c.o
                0x00000000200020d4                SystemCoreClock
                0x00000000200020d8                . = ALIGN (0x4)
                0x00000000200020d8                PROVIDE (__preinit_array_start, .)
 *(.preinit_array)
                0x00000000200020d8                PROVIDE (__preinit_array_end, .)
                0x00000000200020d8                . = ALIGN (0x4)
                0x00000000200020d8                PROVIDE (__init_array_start, .)
 *(SORT(.init_array.*))
 *(.init_array)
 .init_array    0x00000000200020d8        0x4 /usr/local/Cellar/gcc-arm-none-eabi/20160928/bin/../lib/gcc/arm-none-eabi/5.4.1/armv6-m/crtbegin.o
                0x00000000200020dc                PROVIDE (__init_array_end, .)
                0x00000000200020dc                . = ALIGN (0x4)
                [!provide]                        PROVIDE (__fini_array_start, .)
 *(SORT(.fini_array.*))
 *(.fini_array)
 .fini_array    0x00000000200020dc        0x4 /usr/local/Cellar/gcc-arm-none-eabi/20160928/bin/../lib/gcc/arm-none-eabi/5.4.1/armv6-m/crtbegin.o
                [!provide]                        PROVIDE (__fini_array_end, .)
 *(.jcr*)
 .jcr           0x00000000200020e0        0x0 /usr/local/Cellar/gcc-arm-none-eabi/20160928/bin/../lib/gcc/arm-none-eabi/5.4.1/armv6-m/crtbegin.o
 .jcr           0x00000000200020e0        0x4 /usr/local/Cellar/gcc-arm-none-eabi/20160928/bin/../lib/gcc/arm-none-eabi/5.4.1/armv6-m/crtend.o
                0x00000000200020e4                . = ALIGN (0x4)
                0x00000000200020e4                __data_end__ = .
LOAD /usr/local/Cellar/gcc-arm-none-eabi/20160928/bin/../lib/gcc/arm-none-eabi/5.4.1/armv6-m/crti.o
LOAD /usr/local/Cellar/gcc-arm-none-eabi/20160928/bin/../lib/gcc/arm-none-eabi/5.4.1/armv6-m/crtbegin.o
LOAD /usr/local/Cellar/gcc-arm-none-eabi/20160928/bin/../lib/gcc/arm-none-eabi/5.4.1/../../../../arm-none-eabi/lib/armv6-m/crt0.o
LOAD /usr/local/Cellar/gcc-arm-none-eabi/20160928/bin/../lib/gcc/arm-none-eabi/5.4.1/../../../../arm-none-eabi/lib/armv6-m/libc_nano.a
LOAD /usr/local/Cellar/gcc-arm-none-eabi/20160928/bin/../lib/gcc/arm-none-eabi/5.4.1/../../../../arm-none-eabi/lib/armv6-m/libnosys.a
LOAD _build/nrf51422_xxac_nrf_log_backend_serial.c.o
LOAD _build/nrf51422_xxac_nrf_log_frontend.c.o
LOAD _build/nrf51422_xxac_app_button.c.o
LOAD _build/nrf51422_xxac_app_error.c.o
LOAD _build/nrf51422_xxac_app_error_weak.c.o
LOAD _build/nrf51422_xxac_app_scheduler.c.o
LOAD _build/nrf51422_xxac_app_timer.c.o
LOAD _build/nrf51422_xxac_app_timer_appsh.c.o
LOAD _build/nrf51422_xxac_app_util_platform.c.o
LOAD _build/nrf51422_xxac_crc16.c.o
LOAD _build/nrf51422_xxac_fds.c.o
LOAD _build/nrf51422_xxac_fstorage.c.o
LOAD _build/nrf51422_xxac_hardfault_implementation.c.o
LOAD _build/nrf51422_xxac_nrf_assert.c.o
LOAD _build/nrf51422_xxac_sdk_errors.c.o
LOAD _build/nrf51422_xxac_sdk_mapped_flags.c.o
LOAD _build/nrf51422_xxac_sensorsim.c.o
LOAD _build/nrf51422_xxac_boards.c.o
LOAD _build/nrf51422_xxac_nrf_drv_clock.c.o
LOAD _build/nrf51422_xxac_nrf_drv_common.c.o
LOAD _build/nrf51422_xxac_nrf_drv_gpiote.c.o
LOAD _build/nrf51422_xxac_nrf_drv_uart.c.o
LOAD _build/nrf51422_xxac_bsp.c.o
LOAD _build/nrf51422_xxac_bsp_btn_ble.c.o
LOAD _build/nrf51422_xxac_bsp_nfc.c.o
LOAD _build/nrf51422_xxac_main.c.o
LOAD _build/nrf51422_xxac_RTT_Syscalls_GCC.c.o
LOAD _build/nrf51422_xxac_SEGGER_RTT.c.o
LOAD _build/nrf51422_xxac_SEGGER_RTT_printf.c.o
LOAD _build/nrf51422_xxac_ble_advdata.c.o
LOAD _build/nrf51422_xxac_ble_advertising.c.o
LOAD _build/nrf51422_xxac_ble_conn_params.c.o
LOAD _build/nrf51422_xxac_ble_conn_state.c.o
LOAD _build/nrf51422_xxac_ble_srv_common.c.o
LOAD _build/nrf51422_xxac_gatt_cache_manager.c.o
LOAD _build/nrf51422_xxac_gatts_cache_manager.c.o
LOAD _build/nrf51422_xxac_id_manager.c.o
LOAD _build/nrf51422_xxac_peer_data.c.o
LOAD _build/nrf51422_xxac_peer_data_storage.c.o
LOAD _build/nrf51422_xxac_peer_database.c.o
LOAD _build/nrf51422_xxac_peer_id.c.o
LOAD _build/nrf51422_xxac_peer_manager.c.o
LOAD _build/nrf51422_xxac_pm_buffer.c.o
LOAD _build/nrf51422_xxac_pm_mutex.c.o
LOAD _build/nrf51422_xxac_security_dispatcher.c.o
LOAD _build/nrf51422_xxac_security_manager.c.o
LOAD _build/nrf51422_xxac_gcc_startup_nrf51.S.o
LOAD _build/nrf51422_xxac_system_nrf51.c.o
LOAD _build/nrf51422_xxac_ble_bas.c.o
LOAD _build/nrf51422_xxac_ble_dis.c.o
LOAD _build/nrf51422_xxac_ble_hids.c.o
LOAD _build/nrf51422_xxac_softdevice_handler.c.o
LOAD _build/nrf51422_xxac_softdevice_handler_appsh.c.o
LOAD /usr/local/Cellar/gcc-arm-none-eabi/20160928/bin/../lib/gcc/arm-none-eabi/5.4.1/../../../../arm-none-eabi/lib/armv6-m/libm.a
START GROUP
LOAD /usr/local/Cellar/gcc-arm-none-eabi/20160928/bin/../lib/gcc/arm-none-eabi/5.4.1/armv6-m/libgcc.a
LOAD /usr/local/Cellar/gcc-arm-none-eabi/20160928/bin/../lib/gcc/arm-none-eabi/5.4.1/../../../../arm-none-eabi/lib/armv6-m/libc_nano.a
END GROUP
START GROUP
LOAD /usr/local/Cellar/gcc-arm-none-eabi/20160928/bin/../lib/gcc/arm-none-eabi/5.4.1/armv6-m/libgcc.a
LOAD /usr/local/Cellar/gcc-arm-none-eabi/20160928/bin/../lib/gcc/arm-none-eabi/5.4.1/../../../../arm-none-eabi/lib/armv6-m/libc_nano.a
END GROUP
LOAD /usr/local/Cellar/gcc-arm-none-eabi/20160928/bin/../lib/gcc/arm-none-eabi/5.4.1/armv6-m/crtend.o
LOAD /usr/local/Cellar/gcc-arm-none-eabi/20160928/bin/../lib/gcc/arm-none-eabi/5.4.1/armv6-m/crtn.o
START GROUP
LOAD /usr/local/Cellar/gcc-arm-none-eabi/20160928/bin/../lib/gcc/arm-none-eabi/5.4.1/armv6-m/libgcc.a
LOAD /usr/local/Cellar/gcc-arm-none-eabi/20160928/bin/../lib/gcc/arm-none-eabi/5.4.1/../../../../arm-none-eabi/lib/armv6-m/libc.a
LOAD /usr/local/Cellar/gcc-arm-none-eabi/20160928/bin/../lib/gcc/arm-none-eabi/5.4.1/../../../../arm-none-eabi/lib/armv6-m/libnosys.a
END GROUP

.igot.plt       0x00000000200020e4        0x0 load address 0x0000000000028290
 .igot.plt      0x00000000200020e4        0x0 /usr/local/Cellar/gcc-arm-none-eabi/20160928/bin/../lib/gcc/arm-none-eabi/5.4.1/armv6-m/crtbegin.o

.fs_data        0x00000000200020e4       0x10 load address 0x0000000000028290
                0x00000000200020e4                PROVIDE (__start_fs_data, .)
 *(.fs_data)
 .fs_data       0x00000000200020e4       0x10 _build/nrf51422_xxac_fds.c.o
                0x00000000200020f4                PROVIDE (__stop_fs_data, .)

.pwr_mgmt_data  0x00000000200020f4        0x0
                [!provide]                        PROVIDE (__start_pwr_mgmt_data, .)
 *(.pwr_mgmt_data)
                [!provide]                        PROVIDE (__stop_pwr_mgmt_data, .)

.bss            0x00000000200020f4      0xe08 load address 0x00000000000282a0
                0x00000000200020f4                . = ALIGN (0x4)
                0x00000000200020f4                __bss_start__ = .
 *(.bss*)
 .bss           0x00000000200020f4       0x1c /usr/local/Cellar/gcc-arm-none-eabi/20160928/bin/../lib/gcc/arm-none-eabi/5.4.1/armv6-m/crtbegin.o
 .bss.m_detection_delay
                0x0000000020002110        0x4 _build/nrf51422_xxac_app_button.c.o
 .bss.mp_buttons
                0x0000000020002114        0x4 _build/nrf51422_xxac_app_button.c.o
 .bss.m_button_count
                0x0000000020002118        0x1 _build/nrf51422_xxac_app_button.c.o
 *fill*         0x0000000020002119        0x3 
 .bss.m_detection_delay_timer_id_data
                0x000000002000211c       0x20 _build/nrf51422_xxac_app_button.c.o
 .bss.m_pin_state
                0x000000002000213c        0x4 _build/nrf51422_xxac_app_button.c.o
 .bss.m_pin_transition
                0x0000000020002140        0x4 _build/nrf51422_xxac_app_button.c.o
 .bss.m_queue_event_headers
                0x0000000020002144        0x4 _build/nrf51422_xxac_app_scheduler.c.o
 .bss.m_queue_event_data
                0x0000000020002148        0x4 _build/nrf51422_xxac_app_scheduler.c.o
 .bss.m_queue_event_size
                0x000000002000214c        0x2 _build/nrf51422_xxac_app_scheduler.c.o
 .bss.m_queue_start_index
                0x000000002000214e        0x1 _build/nrf51422_xxac_app_scheduler.c.o
 .bss.m_queue_end_index
                0x000000002000214f        0x1 _build/nrf51422_xxac_app_scheduler.c.o
 .bss.m_queue_size
                0x0000000020002150        0x2 _build/nrf51422_xxac_app_scheduler.c.o
 *fill*         0x0000000020002152        0x2 
 .bss.m_ticks_latest
                0x0000000020002154        0x4 _build/nrf51422_xxac_app_timer.c.o
 .bss.mp_timer_id_head
                0x0000000020002158        0x4 _build/nrf51422_xxac_app_timer.c.o
 .bss.m_evt_schedule_func
                0x000000002000215c        0x4 _build/nrf51422_xxac_app_timer.c.o
 .bss.m_ticks_elapsed_q_read_ind
                0x0000000020002160        0x1 _build/nrf51422_xxac_app_timer.c.o
 .bss.m_ticks_elapsed_q_write_ind
                0x0000000020002161        0x1 _build/nrf51422_xxac_app_timer.c.o
 .bss.m_rtc1_reset
                0x0000000020002162        0x1 _build/nrf51422_xxac_app_timer.c.o
 *fill*         0x0000000020002163        0x1 
 .bss.m_op_queue
                0x0000000020002164        0x8 _build/nrf51422_xxac_app_timer.c.o
 .bss.m_ticks_elapsed
                0x000000002000216c        0x8 _build/nrf51422_xxac_app_timer.c.o
 .bss.m_rtc1_running
                0x0000000020002174        0x1 _build/nrf51422_xxac_app_timer.c.o
 *fill*         0x0000000020002175        0x3 
 .bss.m_chunk_queue
                0x0000000020002178       0x48 _build/nrf51422_xxac_fds.c.o
 .bss.page.6551
                0x00000000200021c0        0x2 _build/nrf51422_xxac_fds.c.o
 .bss.m_users   0x00000000200021c2        0x1 _build/nrf51422_xxac_fds.c.o
 *fill*         0x00000000200021c3        0x1 
 .bss.desc.6550
                0x00000000200021c4        0xc _build/nrf51422_xxac_fds.c.o
 .bss.m_pages   0x00000000200021d0       0x20 _build/nrf51422_xxac_fds.c.o
 .bss.m_gc      0x00000000200021f0       0x10 _build/nrf51422_xxac_fds.c.o
 .bss.m_op_queue
                0x0000000020002200       0x78 _build/nrf51422_xxac_fds.c.o
 .bss.m_swap_page
                0x0000000020002278        0x8 _build/nrf51422_xxac_fds.c.o
 .bss.m_latest_rec_id
                0x0000000020002280        0x4 _build/nrf51422_xxac_fds.c.o
 .bss.m_flags   0x0000000020002284        0x1 _build/nrf51422_xxac_fds.c.o
 *fill*         0x0000000020002285        0x3 
 .bss.tok.6456  0x0000000020002288        0x8 _build/nrf51422_xxac_fds.c.o
 .bss.m_cb_table
                0x0000000020002290       0x20 _build/nrf51422_xxac_fds.c.o
 .bss.m_flags   0x00000000200022b0        0x1 _build/nrf51422_xxac_fstorage.c.o
 *fill*         0x00000000200022b1        0x3 
 .bss.m_queue   0x00000000200022b4       0x68 _build/nrf51422_xxac_fstorage.c.o
 .bss.m_retry_count
                0x000000002000231c        0x1 _build/nrf51422_xxac_fstorage.c.o
 *fill*         0x000000002000231d        0x3 
 .bss.m_clock_cb
                0x0000000020002320       0x14 _build/nrf51422_xxac_nrf_drv_clock.c.o
 .bss.m_cb      0x0000000020002334       0x48 _build/nrf51422_xxac_nrf_drv_gpiote.c.o
 .bss.m_cb      0x000000002000237c       0x1c _build/nrf51422_xxac_nrf_drv_uart.c.o
 .bss.m_leds_timer_id_data
                0x0000000020002398       0x20 _build/nrf51422_xxac_bsp.c.o
 .bss.m_indication_type
                0x00000000200023b8        0x4 _build/nrf51422_xxac_bsp.c.o
 .bss.m_leds_clear
                0x00000000200023bc        0x1 _build/nrf51422_xxac_bsp.c.o
 .bss.current_long_push_pin_no.6124
                0x00000000200023bd        0x1 _build/nrf51422_xxac_bsp.c.o
 *fill*         0x00000000200023be        0x2 
 .bss.m_app_ticks_per_100ms
                0x00000000200023c0        0x4 _build/nrf51422_xxac_bsp.c.o
 .bss.m_registered_callback
                0x00000000200023c4        0x4 _build/nrf51422_xxac_bsp.c.o
 .bss.m_button_timer_id_data
                0x00000000200023c8       0x20 _build/nrf51422_xxac_bsp.c.o
 .bss.m_stable_state
                0x00000000200023e8        0x1 _build/nrf51422_xxac_bsp.c.o
 *fill*         0x00000000200023e9        0x3 
 .bss.m_alert_timer_id_data
                0x00000000200023ec       0x20 _build/nrf51422_xxac_bsp.c.o
 .bss.release_event_at_push.6125
                0x000000002000240c        0x4 _build/nrf51422_xxac_bsp.c.o
 .bss.m_events_list
                0x0000000020002410        0xc _build/nrf51422_xxac_bsp.c.o
 .bss.m_error_handler
                0x000000002000241c        0x4 _build/nrf51422_xxac_bsp_btn_ble.c.o
 .bss.m_num_connections
                0x0000000020002420        0x4 _build/nrf51422_xxac_bsp_btn_ble.c.o
 .bss.m_caps_on
                0x0000000020002424        0x1 _build/nrf51422_xxac_main.c.o
 *fill*         0x0000000020002425        0x1 
 .bss.m_peer_id
                0x0000000020002426        0x2 _build/nrf51422_xxac_main.c.o
 .bss.BLE_EVT_BUFFER.9206
                0x0000000020002428       0x48 _build/nrf51422_xxac_main.c.o
 .bss.m_bas     0x0000000020002470       0x18 _build/nrf51422_xxac_main.c.o
 .bss.m_in_boot_mode
                0x0000000020002488        0x1 _build/nrf51422_xxac_main.c.o
 *fill*         0x0000000020002489        0x3 
 .bss.m_battery_timer_id_data
                0x000000002000248c       0x20 _build/nrf51422_xxac_main.c.o
 .bss.m_whitelist_peers
                0x00000000200024ac       0x10 _build/nrf51422_xxac_main.c.o
 .bss.m_battery_sim_state
                0x00000000200024bc        0x8 _build/nrf51422_xxac_main.c.o
 .bss.m_whitelist_peer_cnt
                0x00000000200024c4        0x4 _build/nrf51422_xxac_main.c.o
 .bss.m_is_wl_changed
                0x00000000200024c8        0x1 _build/nrf51422_xxac_main.c.o
 *fill*         0x00000000200024c9        0x3 
 .bss.m_battery_sim_cfg
                0x00000000200024cc       0x10 _build/nrf51422_xxac_main.c.o
 .bss.APP_TIMER_BUF.9014
                0x00000000200024dc       0x78 _build/nrf51422_xxac_main.c.o
 .bss.APP_SCHED_BUF.9217
                0x0000000020002554       0xb0 _build/nrf51422_xxac_main.c.o
 .bss.m_hids    0x0000000020002604      0x178 _build/nrf51422_xxac_main.c.o
 .bss.size.9225
                0x000000002000277c        0x1 _build/nrf51422_xxac_main.c.o
 *fill*         0x000000002000277d        0x3 
 .bss.buffer_list
                0x0000000020002780       0x40 _build/nrf51422_xxac_main.c.o
 .bss.m_advdata
                0x00000000200027c0       0x3c _build/nrf51422_xxac_ble_advertising.c.o
 .bss.m_manuf_specific_data
                0x00000000200027fc        0xc _build/nrf51422_xxac_ble_advertising.c.o
 .bss.m_evt_handler
                0x0000000020002808        0x4 _build/nrf51422_xxac_ble_advertising.c.o
 .bss.m_advertising_start_pending
                0x000000002000280c        0x1 _build/nrf51422_xxac_ble_advertising.c.o
 *fill*         0x000000002000280d        0x3 
 .bss.m_manuf_data_array
                0x0000000020002810       0x1f _build/nrf51422_xxac_ble_advertising.c.o
 .bss.m_whitelist_temporarily_disabled
                0x000000002000282f        0x1 _build/nrf51422_xxac_ble_advertising.c.o
 .bss.m_error_handler
                0x0000000020002830        0x4 _build/nrf51422_xxac_ble_advertising.c.o
 .bss.m_peer_address
                0x0000000020002834        0x7 _build/nrf51422_xxac_ble_advertising.c.o
 *fill*         0x000000002000283b        0x1 
 .bss.m_adv_modes_config
                0x000000002000283c       0x20 _build/nrf51422_xxac_ble_advertising.c.o
 .bss.m_p_whitelist_irks
                0x000000002000285c       0x20 _build/nrf51422_xxac_ble_advertising.c.o
 .bss.m_slave_conn_int
                0x000000002000287c        0x4 _build/nrf51422_xxac_ble_advertising.c.o
 .bss.m_service_data_array
                0x0000000020002880       0x1f _build/nrf51422_xxac_ble_advertising.c.o
 *fill*         0x000000002000289f        0x1 
 .bss.m_whitelist_irks
                0x00000000200028a0       0x80 _build/nrf51422_xxac_ble_advertising.c.o
 .bss.m_whitelist_reply_expected
                0x0000000020002920        0x1 _build/nrf51422_xxac_ble_advertising.c.o
 *fill*         0x0000000020002921        0x1 
 .bss.m_current_slave_link_conn_handle
                0x0000000020002922        0x2 _build/nrf51422_xxac_ble_advertising.c.o
 .bss.m_whitelist_addrs
                0x0000000020002924       0x38 _build/nrf51422_xxac_ble_advertising.c.o
 .bss.m_adv_mode_current
                0x000000002000295c        0x1 _build/nrf51422_xxac_ble_advertising.c.o
 .bss.m_peer_addr_reply_expected
                0x000000002000295d        0x1 _build/nrf51422_xxac_ble_advertising.c.o
 .bss.m_initialized
                0x000000002000295e        0x1 _build/nrf51422_xxac_ble_advertising.c.o
 *fill*         0x000000002000295f        0x1 
 .bss.m_service_data
                0x0000000020002960        0xc _build/nrf51422_xxac_ble_advertising.c.o
 .bss.m_adv_evt
                0x000000002000296c        0x1 _build/nrf51422_xxac_ble_advertising.c.o
 *fill*         0x000000002000296d        0x3 
 .bss.m_p_whitelist_addrs
                0x0000000020002970       0x20 _build/nrf51422_xxac_ble_advertising.c.o
 .bss.m_change_param
                0x0000000020002990        0x1 _build/nrf51422_xxac_ble_conn_params.c.o
 *fill*         0x0000000020002991        0x3 
 .bss.m_current_conn_params
                0x0000000020002994        0x8 _build/nrf51422_xxac_ble_conn_params.c.o
 .bss.m_update_count
                0x000000002000299c        0x1 _build/nrf51422_xxac_ble_conn_params.c.o
 *fill*         0x000000002000299d        0x3 
 .bss.m_conn_params_config
                0x00000000200029a0       0x1c _build/nrf51422_xxac_ble_conn_params.c.o
 .bss.m_conn_params_timer_id_data
                0x00000000200029bc       0x20 _build/nrf51422_xxac_ble_conn_params.c.o
 .bss.m_conn_handle
                0x00000000200029dc        0x2 _build/nrf51422_xxac_ble_conn_params.c.o
 *fill*         0x00000000200029de        0x2 
 .bss.m_preferred_conn_params
                0x00000000200029e0        0x8 _build/nrf51422_xxac_ble_conn_params.c.o
 .bss.m_bcs     0x00000000200029e8       0x34 _build/nrf51422_xxac_ble_conn_state.c.o
 .bss.m_flag_service_changed_pending
                0x0000000020002a1c        0x1 _build/nrf51422_xxac_gatt_cache_manager.c.o
 .bss.m_flag_service_changed_sent
                0x0000000020002a1d        0x1 _build/nrf51422_xxac_gatt_cache_manager.c.o
 .bss.m_flag_local_db_update_pending
                0x0000000020002a1e        0x1 _build/nrf51422_xxac_gatt_cache_manager.c.o
 .bss.m_flag_local_db_apply_pending
                0x0000000020002a1f        0x1 _build/nrf51422_xxac_gatt_cache_manager.c.o
 .bss.m_current_sc_store_peer_id
                0x0000000020002a20        0x2 _build/nrf51422_xxac_gatts_cache_manager.c.o
 .bss.start_handle.7247
                0x0000000020002a22        0x2 _build/nrf51422_xxac_gatts_cache_manager.c.o
 .bss.m_connections
                0x0000000020002a24       0x60 _build/nrf51422_xxac_id_manager.c.o
 .bss.m_current_id_addr
                0x0000000020002a84        0x7 _build/nrf51422_xxac_id_manager.c.o
 .bss.m_conn_state_user_flag_id
                0x0000000020002a8b        0x1 _build/nrf51422_xxac_id_manager.c.o
 .bss.m_wlisted_peers
                0x0000000020002a8c       0x10 _build/nrf51422_xxac_id_manager.c.o
 .bss.m_wlisted_peer_cnt
                0x0000000020002a9c        0x1 _build/nrf51422_xxac_id_manager.c.o
 *fill*         0x0000000020002a9d        0x3 
 .bss.m_fds_ftok
                0x0000000020002aa0        0x8 _build/nrf51422_xxac_peer_data_storage.c.o
 .bss.m_peer_delete_queued
                0x0000000020002aa8        0x1 _build/nrf51422_xxac_peer_data_storage.c.o
 .bss.m_peer_delete_ongoing
                0x0000000020002aa9        0x1 _build/nrf51422_xxac_peer_data_storage.c.o
 *fill*         0x0000000020002aaa        0x2 
 .bss.m_write_buffer_records
                0x0000000020002aac       0xa0 _build/nrf51422_xxac_peer_database.c.o
 .bss.m_n_writes
                0x0000000020002b4c        0x4 _build/nrf51422_xxac_peer_database.c.o
 .bss.m_write_buffer
                0x0000000020002b50       0x10 _build/nrf51422_xxac_peer_database.c.o
 .bss.buffer_memory.7269
                0x0000000020002b60      0x280 _build/nrf51422_xxac_peer_database.c.o
 .bss.mutex_memory.7270
                0x0000000020002de0        0x1 _build/nrf51422_xxac_peer_database.c.o
 *fill*         0x0000000020002de1        0x3 
 .bss.m_pi      0x0000000020002de4       0x40 _build/nrf51422_xxac_peer_id.c.o
 .bss.m_pairing_flag_id
                0x0000000020002e24        0x1 _build/nrf51422_xxac_peer_manager.c.o
 *fill*         0x0000000020002e25        0x3 
 .bss.m_current_highest_peer_rank
                0x0000000020002e28        0x4 _build/nrf51422_xxac_peer_manager.c.o
 .bss.m_module_initialized
                0x0000000020002e2c        0x1 _build/nrf51422_xxac_peer_manager.c.o
 *fill*         0x0000000020002e2d        0x3 
 .bss.m_evt_handlers
                0x0000000020002e30        0xc _build/nrf51422_xxac_peer_manager.c.o
 .bss.m_peer_rank_initialized
                0x0000000020002e3c        0x1 _build/nrf51422_xxac_peer_manager.c.o
 .bss.m_deleting_all
                0x0000000020002e3d        0x1 _build/nrf51422_xxac_peer_manager.c.o
 .bss.m_n_registrants
                0x0000000020002e3e        0x1 _build/nrf51422_xxac_peer_manager.c.o
 *fill*         0x0000000020002e3f        0x1 
 .bss.m_peer_rank_token
                0x0000000020002e40        0x4 _build/nrf51422_xxac_peer_manager.c.o
 .bss.m_bonding_flag_id
                0x0000000020002e44        0x1 _build/nrf51422_xxac_peer_manager.c.o
 *fill*         0x0000000020002e45        0x1 
 .bss.m_highest_ranked_peer
                0x0000000020002e46        0x2 _build/nrf51422_xxac_peer_manager.c.o
 .bss.m_peer_pk
                0x0000000020002e48       0x40 _build/nrf51422_xxac_security_dispatcher.c.o
 .bss.m_p_public_key
                0x0000000020002e88        0x4 _build/nrf51422_xxac_security_manager.c.o
 .bss.m_sec_params
                0x0000000020002e8c        0x5 _build/nrf51422_xxac_security_manager.c.o
 .bss.m_sec_params_valid
                0x0000000020002e91        0x1 _build/nrf51422_xxac_security_manager.c.o
 *fill*         0x0000000020002e92        0x2 
 .bss.sw_rev_handles
                0x0000000020002e94        0x8 _build/nrf51422_xxac_ble_dis.c.o
 .bss.model_num_handles
                0x0000000020002e9c        0x8 _build/nrf51422_xxac_ble_dis.c.o
 .bss.sys_id_handles
                0x0000000020002ea4        0x8 _build/nrf51422_xxac_ble_dis.c.o
 .bss.manufact_name_handles
                0x0000000020002eac        0x8 _build/nrf51422_xxac_ble_dis.c.o
 .bss.reg_cert_data_list_handles
                0x0000000020002eb4        0x8 _build/nrf51422_xxac_ble_dis.c.o
 .bss.pnp_id_handles
                0x0000000020002ebc        0x8 _build/nrf51422_xxac_ble_dis.c.o
 .bss.hw_rev_handles
                0x0000000020002ec4        0x8 _build/nrf51422_xxac_ble_dis.c.o
 .bss.serial_num_handles
                0x0000000020002ecc        0x8 _build/nrf51422_xxac_ble_dis.c.o
 .bss.fw_rev_handles
                0x0000000020002ed4        0x8 _build/nrf51422_xxac_ble_dis.c.o
 .bss.service_handle
                0x0000000020002edc        0x2 _build/nrf51422_xxac_ble_dis.c.o
 .bss.m_suspended
                0x0000000020002ede        0x1 _build/nrf51422_xxac_softdevice_handler.c.o
 .bss.m_softdevice_enabled
                0x0000000020002edf        0x1 _build/nrf51422_xxac_softdevice_handler.c.o
 .bss.m_ble_evt_buffer_size
                0x0000000020002ee0        0x2 _build/nrf51422_xxac_softdevice_handler.c.o
 *fill*         0x0000000020002ee2        0x2 
 .bss.mp_ble_evt_buffer
                0x0000000020002ee4        0x4 _build/nrf51422_xxac_softdevice_handler.c.o
 .bss.m_sys_evt_handler
                0x0000000020002ee8        0x4 _build/nrf51422_xxac_softdevice_handler.c.o
 .bss.m_ble_evt_handler
                0x0000000020002eec        0x4 _build/nrf51422_xxac_softdevice_handler.c.o
 .bss.m_evt_schedule_func
                0x0000000020002ef0        0x4 _build/nrf51422_xxac_softdevice_handler.c.o
 *(COMMON)
 COMMON         0x0000000020002ef4        0x8 _build/nrf51422_xxac_app_util_platform.c.o
                0x0000000020002ef4                nrf_nvic_state
                0x0000000020002efc                . = ALIGN (0x4)
                0x0000000020002efc                __bss_end__ = .

.heap           0x0000000020002f00      0x800
                0x0000000020002f00                __HeapBase = .
                0x0000000020002f00                __end__ = .
                [!provide]                        PROVIDE (end, .)
 *(.heap*)
 .heap          0x0000000020002f00      0x800 _build/nrf51422_xxac_gcc_startup_nrf51.S.o
                0x0000000020003700                __HeapLimit = .

.stack_dummy    0x0000000020002f00      0x800
 *(.stack*)
 .stack         0x0000000020002f00      0x800 _build/nrf51422_xxac_gcc_startup_nrf51.S.o
                0x0000000020008000                __StackTop = (ORIGIN (RAM) + LENGTH (RAM))
                0x0000000020007800                __StackLimit = (__StackTop - SIZEOF (.stack_dummy))
                0x0000000020008000                PROVIDE (__stack, __StackTop)
                0x0000000000000001                ASSERT ((__StackLimit >= __HeapLimit), region RAM overflowed with stack)
OUTPUT(_build/nrf51422_xxac.out elf32-littlearm)

.ARM.attributes
                0x0000000000000000       0x28
 .ARM.attributes
                0x0000000000000000       0x1e /usr/local/Cellar/gcc-arm-none-eabi/20160928/bin/../lib/gcc/arm-none-eabi/5.4.1/armv6-m/crti.o
 .ARM.attributes
                0x000000000000001e       0x2c /usr/local/Cellar/gcc-arm-none-eabi/20160928/bin/../lib/gcc/arm-none-eabi/5.4.1/armv6-m/crtbegin.o
 .ARM.attributes
                0x000000000000004a       0x1b /usr/local/Cellar/gcc-arm-none-eabi/20160928/bin/../lib/gcc/arm-none-eabi/5.4.1/../../../../arm-none-eabi/lib/armv6-m/crt0.o
 .ARM.attributes
                0x0000000000000065       0x2c /usr/local/Cellar/gcc-arm-none-eabi/20160928/bin/../lib/gcc/arm-none-eabi/5.4.1/../../../../arm-none-eabi/lib/armv6-m/libc_nano.a(lib_a-exit.o)
 .ARM.attributes
                0x0000000000000091       0x2c /usr/local/Cellar/gcc-arm-none-eabi/20160928/bin/../lib/gcc/arm-none-eabi/5.4.1/../../../../arm-none-eabi/lib/armv6-m/libc_nano.a(lib_a-impure.o)
 .ARM.attributes
                0x00000000000000bd       0x2c /usr/local/Cellar/gcc-arm-none-eabi/20160928/bin/../lib/gcc/arm-none-eabi/5.4.1/../../../../arm-none-eabi/lib/armv6-m/libc_nano.a(lib_a-init.o)
 .ARM.attributes
                0x00000000000000e9       0x2c /usr/local/Cellar/gcc-arm-none-eabi/20160928/bin/../lib/gcc/arm-none-eabi/5.4.1/../../../../arm-none-eabi/lib/armv6-m/libc_nano.a(lib_a-memset.o)
 .ARM.attributes
                0x0000000000000115       0x2c /usr/local/Cellar/gcc-arm-none-eabi/20160928/bin/../lib/gcc/arm-none-eabi/5.4.1/../../../../arm-none-eabi/lib/armv6-m/libnosys.a(_exit.o)
 .ARM.attributes
                0x0000000000000141       0x31 _build/nrf51422_xxac_app_button.c.o
 .ARM.attributes
                0x0000000000000172       0x31 _build/nrf51422_xxac_app_error.c.o
 .ARM.attributes
                0x00000000000001a3       0x31 _build/nrf51422_xxac_app_error_weak.c.o
 .ARM.attributes
                0x00000000000001d4       0x31 _build/nrf51422_xxac_app_scheduler.c.o
 .ARM.attributes
                0x0000000000000205       0x31 _build/nrf51422_xxac_app_timer.c.o
 .ARM.attributes
                0x0000000000000236       0x31 _build/nrf51422_xxac_app_timer_appsh.c.o
 .ARM.attributes
                0x0000000000000267       0x31 _build/nrf51422_xxac_app_util_platform.c.o
 .ARM.attributes
                0x0000000000000298       0x31 _build/nrf51422_xxac_fds.c.o
 .ARM.attributes
                0x00000000000002c9       0x31 _build/nrf51422_xxac_fstorage.c.o
 .ARM.attributes
                0x00000000000002fa       0x31 _build/nrf51422_xxac_sdk_mapped_flags.c.o
 .ARM.attributes
                0x000000000000032b       0x31 _build/nrf51422_xxac_sensorsim.c.o
 .ARM.attributes
                0x000000000000035c       0x31 _build/nrf51422_xxac_boards.c.o
 .ARM.attributes
                0x000000000000038d       0x31 _build/nrf51422_xxac_nrf_drv_clock.c.o
 .ARM.attributes
                0x00000000000003be       0x31 _build/nrf51422_xxac_nrf_drv_common.c.o
 .ARM.attributes
                0x00000000000003ef       0x31 _build/nrf51422_xxac_nrf_drv_gpiote.c.o
 .ARM.attributes
                0x0000000000000420       0x31 _build/nrf51422_xxac_nrf_drv_uart.c.o
 .ARM.attributes
                0x0000000000000451       0x31 _build/nrf51422_xxac_bsp.c.o
 .ARM.attributes
                0x0000000000000482       0x31 _build/nrf51422_xxac_bsp_btn_ble.c.o
 .ARM.attributes
                0x00000000000004b3       0x31 _build/nrf51422_xxac_main.c.o
 .ARM.attributes
                0x00000000000004e4       0x31 _build/nrf51422_xxac_ble_advdata.c.o
 .ARM.attributes
                0x0000000000000515       0x31 _build/nrf51422_xxac_ble_advertising.c.o
 .ARM.attributes
                0x0000000000000546       0x31 _build/nrf51422_xxac_ble_conn_params.c.o
 .ARM.attributes
                0x0000000000000577       0x31 _build/nrf51422_xxac_ble_conn_state.c.o
 .ARM.attributes
                0x00000000000005a8       0x31 _build/nrf51422_xxac_ble_srv_common.c.o
 .ARM.attributes
                0x00000000000005d9       0x31 _build/nrf51422_xxac_gatt_cache_manager.c.o
 .ARM.attributes
                0x000000000000060a       0x31 _build/nrf51422_xxac_gatts_cache_manager.c.o
 .ARM.attributes
                0x000000000000063b       0x31 _build/nrf51422_xxac_id_manager.c.o
 .ARM.attributes
                0x000000000000066c       0x31 _build/nrf51422_xxac_peer_data_storage.c.o
 .ARM.attributes
                0x000000000000069d       0x31 _build/nrf51422_xxac_peer_database.c.o
 .ARM.attributes
                0x00000000000006ce       0x31 _build/nrf51422_xxac_peer_id.c.o
 .ARM.attributes
                0x00000000000006ff       0x31 _build/nrf51422_xxac_peer_manager.c.o
 .ARM.attributes
                0x0000000000000730       0x31 _build/nrf51422_xxac_pm_buffer.c.o
 .ARM.attributes
                0x0000000000000761       0x31 _build/nrf51422_xxac_pm_mutex.c.o
 .ARM.attributes
                0x0000000000000792       0x31 _build/nrf51422_xxac_security_dispatcher.c.o
 .ARM.attributes
                0x00000000000007c3       0x31 _build/nrf51422_xxac_security_manager.c.o
 .ARM.attributes
                0x00000000000007f4       0x1b _build/nrf51422_xxac_gcc_startup_nrf51.S.o
 .ARM.attributes
                0x000000000000080f       0x31 _build/nrf51422_xxac_system_nrf51.c.o
 .ARM.attributes
                0x0000000000000840       0x31 _build/nrf51422_xxac_ble_bas.c.o
 .ARM.attributes
                0x0000000000000871       0x31 _build/nrf51422_xxac_ble_dis.c.o
 .ARM.attributes
                0x00000000000008a2       0x31 _build/nrf51422_xxac_ble_hids.c.o
 .ARM.attributes
                0x00000000000008d3       0x31 _build/nrf51422_xxac_softdevice_handler.c.o
 .ARM.attributes
                0x0000000000000904       0x31 _build/nrf51422_xxac_softdevice_handler_appsh.c.o
 .ARM.attributes